[2020-08-08T08:14:07.982+0000][6][gc,heap] Heap region size: 1M
[2020-08-08T08:14:07.984+0000][6][gc,heap,coops] Heap address: 0x00000000e0000000, size: 512 MB, Compressed Oops mode: 32-bit
[2020-08-08T08:14:08.171+0000][6][gc           ] Using G1
[2020-08-08T08:14:08.172+0000][6][gc,cds       ] Mark closed archive regions in map: [0x00000000fff00000, 0x00000000fff7eff8]
[2020-08-08T08:14:08.173+0000][6][gc,cds       ] Mark open archive regions in map: [0x00000000ffe00000, 0x00000000ffe52ff8]
[2020-08-08T08:14:08.202+0000][6][gc           ] Periodic GC disabled
[2020-08-08T08:14:08.844+0000][6][gc,start     ] GC(0) Pause Young (Normal) (G1 Evacuation Pause)
[2020-08-08T08:14:08.845+0000][6][gc,task      ] GC(0) Using 4 workers of 4 for evacuation
[2020-08-08T08:14:08.845+0000][6][gc,age       ] GC(0) Desired survivor size 2097152 bytes, new threshold 15 (max threshold 15)
[2020-08-08T08:14:08.850+0000][6][gc,age       ] GC(0) Age table with threshold 15 (max threshold 15)
[2020-08-08T08:14:08.851+0000][6][gc,age       ] GC(0) - age   1:    2739744 bytes,    2739744 total
[2020-08-08T08:14:08.851+0000][6][gc,phases    ] GC(0)   Pre Evacuate Collection Set: 0.1ms
[2020-08-08T08:14:08.852+0000][6][gc,phases    ] GC(0)   Merge Heap Roots: 0.2ms
[2020-08-08T08:14:08.852+0000][6][gc,phases    ] GC(0)   Evacuate Collection Set: 2.8ms
[2020-08-08T08:14:08.852+0000][6][gc,phases    ] GC(0)   Post Evacuate Collection Set: 1.4ms
[2020-08-08T08:14:08.853+0000][6][gc,phases    ] GC(0)   Other: 2.9ms
[2020-08-08T08:14:08.853+0000][6][gc,heap      ] GC(0) Eden regions: 25->0(29)
[2020-08-08T08:14:08.853+0000][6][gc,heap      ] GC(0) Survivor regions: 0->3(4)
[2020-08-08T08:14:08.854+0000][6][gc,heap      ] GC(0) Old regions: 0->0
[2020-08-08T08:14:08.854+0000][6][gc,heap      ] GC(0) Archive regions: 2->2
[2020-08-08T08:14:08.854+0000][6][gc,heap      ] GC(0) Humongous regions: 1->1
[2020-08-08T08:14:08.854+0000][6][gc,metaspace ] GC(0) Metaspace: 5815K(8448K)->5815K(8448K) NonClass: 5171K(7424K)->5171K(7424K) Class: 644K(1024K)->644K(1024K)
[2020-08-08T08:14:08.855+0000][6][gc           ] GC(0) Pause Young (Normal) (G1 Evacuation Pause) 26M->4M(512M) 10.896ms
[2020-08-08T08:14:08.855+0000][6][gc,cpu       ] GC(0) User=0.01s Sys=0.00s Real=0.01s
[2020-08-08T08:14:08.855+0000][6][safepoint    ] Safepoint "G1CollectForAllocation", Time since last: 657318800 ns, Reaching safepoint: 308800 ns, At safepoint: 11536100 ns, Total: 11844900 ns
[2020-08-08T08:14:09.698+0000][6][safepoint    ] Safepoint "ICBufferFull", Time since last: 842348200 ns, Reaching safepoint: 232000 ns, At safepoint: 24200 ns, Total: 256200 ns
[2020-08-08T08:14:09.862+0000][6][gc,start     ] GC(1) Pause Young (Normal) (G1 Evacuation Pause)
[2020-08-08T08:14:09.863+0000][6][gc,task      ] GC(1) Using 4 workers of 4 for evacuation
[2020-08-08T08:14:09.863+0000][6][gc,age       ] GC(1) Desired survivor size 2097152 bytes, new threshold 1 (max threshold 15)
[2020-08-08T08:14:09.869+0000][6][gc,age       ] GC(1) Age table with threshold 1 (max threshold 15)
[2020-08-08T08:14:09.870+0000][6][gc,age       ] GC(1) - age   1:    2084872 bytes,    2084872 total
[2020-08-08T08:14:09.870+0000][6][gc,phases    ] GC(1)   Pre Evacuate Collection Set: 0.2ms
[2020-08-08T08:14:09.870+0000][6][gc,phases    ] GC(1)   Merge Heap Roots: 0.2ms
[2020-08-08T08:14:09.870+0000][6][gc,phases    ] GC(1)   Evacuate Collection Set: 4.0ms
[2020-08-08T08:14:09.871+0000][6][gc,phases    ] GC(1)   Post Evacuate Collection Set: 1.4ms
[2020-08-08T08:14:09.871+0000][6][gc,phases    ] GC(1)   Other: 1.9ms
[2020-08-08T08:14:09.871+0000][6][gc,heap      ] GC(1) Eden regions: 29->0(112)
[2020-08-08T08:14:09.871+0000][6][gc,heap      ] GC(1) Survivor regions: 3->3(4)
[2020-08-08T08:14:09.872+0000][6][gc,heap      ] GC(1) Old regions: 0->3
[2020-08-08T08:14:09.872+0000][6][gc,heap      ] GC(1) Archive regions: 2->2
[2020-08-08T08:14:09.872+0000][6][gc,heap      ] GC(1) Humongous regions: 1->1
[2020-08-08T08:14:09.872+0000][6][gc,metaspace ] GC(1) Metaspace: 11437K(12160K)->11437K(12160K) NonClass: 10026K(10496K)->10026K(10496K) Class: 1410K(1664K)->1410K(1664K)
[2020-08-08T08:14:09.873+0000][6][gc           ] GC(1) Pause Young (Normal) (G1 Evacuation Pause) 33M->6M(512M) 10.527ms
[2020-08-08T08:14:09.873+0000][6][gc,cpu       ] GC(1) User=0.02s Sys=0.01s Real=0.01s
[2020-08-08T08:14:09.873+0000][6][safepoint    ] Safepoint "G1CollectForAllocation", Time since last: 163910300 ns, Reaching safepoint: 150000 ns, At safepoint: 11192200 ns, Total: 11342200 ns
[2020-08-08T08:14:10.555+0000][6][safepoint    ] Safepoint "ICBufferFull", Time since last: 681326300 ns, Reaching safepoint: 187300 ns, At safepoint: 43400 ns, Total: 230700 ns
[2020-08-08T08:14:10.835+0000][6][gc,start     ] GC(2) Pause Young (Normal) (G1 Evacuation Pause)
[2020-08-08T08:14:10.836+0000][6][gc,task      ] GC(2) Using 4 workers of 4 for evacuation
[2020-08-08T08:14:10.836+0000][6][gc,age       ] GC(2) Desired survivor size 7864320 bytes, new threshold 15 (max threshold 15)
[2020-08-08T08:14:10.845+0000][6][gc,age       ] GC(2) Age table with threshold 15 (max threshold 15)
[2020-08-08T08:14:10.845+0000][6][gc,age       ] GC(2) - age   1:    3297552 bytes,    3297552 total
[2020-08-08T08:14:10.846+0000][6][gc,age       ] GC(2) - age   2:    1957688 bytes,    5255240 total
[2020-08-08T08:14:10.846+0000][6][gc,phases    ] GC(2)   Pre Evacuate Collection Set: 0.2ms
[2020-08-08T08:14:10.846+0000][6][gc,phases    ] GC(2)   Merge Heap Roots: 0.3ms
[2020-08-08T08:14:10.847+0000][6][gc,phases    ] GC(2)   Evacuate Collection Set: 5.3ms
[2020-08-08T08:14:10.847+0000][6][gc,phases    ] GC(2)   Post Evacuate Collection Set: 2.4ms
[2020-08-08T08:14:10.847+0000][6][gc,phases    ] GC(2)   Other: 2.7ms
[2020-08-08T08:14:10.848+0000][6][gc,heap      ] GC(2) Eden regions: 112->0(158)
[2020-08-08T08:14:10.848+0000][6][gc,heap      ] GC(2) Survivor regions: 3->6(15)
[2020-08-08T08:14:10.848+0000][6][gc,heap      ] GC(2) Old regions: 3->3
[2020-08-08T08:14:10.848+0000][6][gc,heap      ] GC(2) Archive regions: 2->2
[2020-08-08T08:14:10.849+0000][6][gc,heap      ] GC(2) Humongous regions: 2->1
[2020-08-08T08:14:10.849+0000][6][gc,metaspace ] GC(2) Metaspace: 17418K(18304K)->17418K(18304K) NonClass: 15302K(15872K)->15302K(15872K) Class: 2116K(2432K)->2116K(2432K)
[2020-08-08T08:14:10.849+0000][6][gc           ] GC(2) Pause Young (Normal) (G1 Evacuation Pause) 119M->9M(512M) 13.960ms
[2020-08-08T08:14:10.850+0000][6][gc,cpu       ] GC(2) User=0.02s Sys=0.01s Real=0.02s
[2020-08-08T08:14:10.850+0000][6][safepoint    ] Safepoint "G1CollectForAllocation", Time since last: 280411600 ns, Reaching safepoint: 142300 ns, At safepoint: 14609200 ns, Total: 14751500 ns
[2020-08-08T08:14:10.851+0000][6][safepoint    ] Safepoint "BulkRevokeBias", Time since last: 582600 ns, Reaching safepoint: 205700 ns, At safepoint: 117400 ns, Total: 323100 ns
[2020-08-08T08:14:10.854+0000][6][safepoint    ] Safepoint "BulkRevokeBias", Time since last: 2214300 ns, Reaching safepoint: 397100 ns, At safepoint: 108600 ns, Total: 505700 ns
[2020-08-08T08:14:10.854+0000][6][safepoint    ] Safepoint "BulkRevokeBias", Time since last: 394600 ns, Reaching safepoint: 145500 ns, At safepoint: 123600 ns, Total: 269100 ns
[2020-08-08T08:14:11.342+0000][6][gc,start     ] GC(3) Pause Young (Normal) (G1 Evacuation Pause)
[2020-08-08T08:14:11.342+0000][6][gc,task      ] GC(3) Using 4 workers of 4 for evacuation
[2020-08-08T08:14:11.343+0000][6][gc,age       ] GC(3) Desired survivor size 11010048 bytes, new threshold 15 (max threshold 15)
[2020-08-08T08:14:11.353+0000][6][gc,age       ] GC(3) Age table with threshold 15 (max threshold 15)
[2020-08-08T08:14:11.353+0000][6][gc,age       ] GC(3) - age   1:    3398816 bytes,    3398816 total
[2020-08-08T08:14:11.354+0000][6][gc,age       ] GC(3) - age   2:    3255136 bytes,    6653952 total
[2020-08-08T08:14:11.354+0000][6][gc,age       ] GC(3) - age   3:    1957640 bytes,    8611592 total
[2020-08-08T08:14:11.354+0000][6][gc,phases    ] GC(3)   Pre Evacuate Collection Set: 0.2ms
[2020-08-08T08:14:11.355+0000][6][gc,phases    ] GC(3)   Merge Heap Roots: 0.3ms
[2020-08-08T08:14:11.355+0000][6][gc,phases    ] GC(3)   Evacuate Collection Set: 6.1ms
[2020-08-08T08:14:11.355+0000][6][gc,phases    ] GC(3)   Post Evacuate Collection Set: 3.0ms
[2020-08-08T08:14:11.356+0000][6][gc,phases    ] GC(3)   Other: 2.9ms
[2020-08-08T08:14:11.356+0000][6][gc,heap      ] GC(3) Eden regions: 158->0(298)
[2020-08-08T08:14:11.356+0000][6][gc,heap      ] GC(3) Survivor regions: 6->9(21)
[2020-08-08T08:14:11.357+0000][6][gc,heap      ] GC(3) Old regions: 3->3
[2020-08-08T08:14:11.357+0000][6][gc,heap      ] GC(3) Archive regions: 2->2
[2020-08-08T08:14:11.357+0000][6][gc,heap      ] GC(3) Humongous regions: 1->1
[2020-08-08T08:14:11.357+0000][6][gc,metaspace ] GC(3) Metaspace: 19220K(20096K)->19220K(20096K) NonClass: 16883K(17408K)->16883K(17408K) Class: 2336K(2688K)->2336K(2688K)
[2020-08-08T08:14:11.358+0000][6][gc           ] GC(3) Pause Young (Normal) (G1 Evacuation Pause) 167M->13M(512M) 15.744ms
[2020-08-08T08:14:11.358+0000][6][gc,cpu       ] GC(3) User=0.02s Sys=0.01s Real=0.02s
[2020-08-08T08:14:11.358+0000][6][safepoint    ] Safepoint "G1CollectForAllocation", Time since last: 487548900 ns, Reaching safepoint: 185000 ns, At safepoint: 16418500 ns, Total: 16603500 ns
[2020-08-08T08:14:11.362+0000][6][safepoint    ] Safepoint "BulkRevokeBias", Time since last: 3298700 ns, Reaching safepoint: 224300 ns, At safepoint: 85500 ns, Total: 309800 ns
[2020-08-08T08:14:11.912+0000][6][gc,start     ] GC(4) Pause Young (Normal) (G1 Evacuation Pause)
[2020-08-08T08:14:11.912+0000][6][gc,task      ] GC(4) Using 4 workers of 4 for evacuation
[2020-08-08T08:14:11.913+0000][6][gc,age       ] GC(4) Desired survivor size 20447232 bytes, new threshold 15 (max threshold 15)
[2020-08-08T08:14:11.931+0000][6][gc,age       ] GC(4) Age table with threshold 15 (max threshold 15)
[2020-08-08T08:14:11.932+0000][6][gc,age       ] GC(4) - age   1:    4542840 bytes,    4542840 total
[2020-08-08T08:14:11.932+0000][6][gc,age       ] GC(4) - age   2:    2846880 bytes,    7389720 total
[2020-08-08T08:14:11.933+0000][6][gc,age       ] GC(4) - age   3:    3254432 bytes,   10644152 total
[2020-08-08T08:14:11.933+0000][6][gc,age       ] GC(4) - age   4:    1957640 bytes,   12601792 total
[2020-08-08T08:14:11.934+0000][6][gc,phases    ] GC(4)   Pre Evacuate Collection Set: 0.2ms
[2020-08-08T08:14:11.934+0000][6][gc,phases    ] GC(4)   Merge Heap Roots: 0.1ms
[2020-08-08T08:14:11.935+0000][6][gc,phases    ] GC(4)   Evacuate Collection Set: 13.7ms
[2020-08-08T08:14:11.935+0000][6][gc,phases    ] GC(4)   Post Evacuate Collection Set: 4.0ms
[2020-08-08T08:14:11.936+0000][6][gc,phases    ] GC(4)   Other: 3.9ms
[2020-08-08T08:14:11.936+0000][6][gc,heap      ] GC(4) Eden regions: 298->0(294)
[2020-08-08T08:14:11.937+0000][6][gc,heap      ] GC(4) Survivor regions: 9->13(39)
[2020-08-08T08:14:11.937+0000][6][gc,heap      ] GC(4) Old regions: 3->3
[2020-08-08T08:14:11.938+0000][6][gc,heap      ] GC(4) Archive regions: 2->2
[2020-08-08T08:14:11.938+0000][6][gc,heap      ] GC(4) Humongous regions: 1->1
[2020-08-08T08:14:11.939+0000][6][gc,metaspace ] GC(4) Metaspace: 19931K(21248K)->19931K(21248K) NonClass: 17473K(18432K)->17473K(18432K) Class: 2458K(2816K)->2458K(2816K)
[2020-08-08T08:14:11.939+0000][6][gc           ] GC(4) Pause Young (Normal) (G1 Evacuation Pause) 311M->16M(512M) 27.213ms
[2020-08-08T08:14:11.940+0000][6][gc,cpu       ] GC(4) User=0.05s Sys=0.01s Real=0.03s
[2020-08-08T08:14:11.940+0000][6][safepoint    ] Safepoint "G1CollectForAllocation", Time since last: 549828800 ns, Reaching safepoint: 115500 ns, At safepoint: 28171200 ns, Total: 28286700 ns
[2020-08-08T08:14:11.944+0000][6][safepoint    ] Safepoint "BulkRevokeBias", Time since last: 3285500 ns, Reaching safepoint: 126100 ns, At safepoint: 90600 ns, Total: 216700 ns
[2020-08-08T08:14:11.945+0000][6][safepoint    ] Safepoint "BulkRevokeBias", Time since last: 667800 ns, Reaching safepoint: 355500 ns, At safepoint: 86200 ns, Total: 441700 ns
[2020-08-08T08:14:11.967+0000][6][gc,start     ] GC(5) Pause Young (Concurrent Start) (Metadata GC Threshold)
[2020-08-08T08:14:11.967+0000][6][gc,task      ] GC(5) Using 4 workers of 4 for evacuation
[2020-08-08T08:14:11.968+0000][6][gc,age       ] GC(5) Desired survivor size 20447232 bytes, new threshold 15 (max threshold 15)
[2020-08-08T08:14:11.980+0000][6][gc,age       ] GC(5) Age table with threshold 15 (max threshold 15)
[2020-08-08T08:14:11.981+0000][6][gc,age       ] GC(5) - age   1:      71272 bytes,      71272 total
[2020-08-08T08:14:11.981+0000][6][gc,age       ] GC(5) - age   2:    3051240 bytes,    3122512 total
[2020-08-08T08:14:11.981+0000][6][gc,age       ] GC(5) - age   3:    2846544 bytes,    5969056 total
[2020-08-08T08:14:11.982+0000][6][gc,age       ] GC(5) - age   4:    3254432 bytes,    9223488 total
[2020-08-08T08:14:11.982+0000][6][gc,age       ] GC(5) - age   5:    1957640 bytes,   11181128 total
[2020-08-08T08:14:11.982+0000][6][gc,phases    ] GC(5)   Pre Evacuate Collection Set: 0.3ms
[2020-08-08T08:14:11.983+0000][6][gc,phases    ] GC(5)   Merge Heap Roots: 0.2ms
[2020-08-08T08:14:11.983+0000][6][gc,phases    ] GC(5)   Evacuate Collection Set: 9.4ms
[2020-08-08T08:14:11.983+0000][6][gc,phases    ] GC(5)   Post Evacuate Collection Set: 2.1ms
[2020-08-08T08:14:11.983+0000][6][gc,phases    ] GC(5)   Other: 3.5ms
[2020-08-08T08:14:11.984+0000][6][gc,heap      ] GC(5) Eden regions: 8->0(296)
[2020-08-08T08:14:11.984+0000][6][gc,heap      ] GC(5) Survivor regions: 13->11(39)
[2020-08-08T08:14:11.984+0000][6][gc,heap      ] GC(5) Old regions: 3->3
[2020-08-08T08:14:11.984+0000][6][gc,heap      ] GC(5) Archive regions: 2->2
[2020-08-08T08:14:11.985+0000][6][gc,heap      ] GC(5) Humongous regions: 1->1
[2020-08-08T08:14:11.985+0000][6][gc,metaspace ] GC(5) Metaspace: 19977K(21248K)->19977K(21248K) NonClass: 17511K(18432K)->17511K(18432K) Class: 2466K(2816K)->2466K(2816K)
[2020-08-08T08:14:11.985+0000][6][gc           ] GC(5) Pause Young (Concurrent Start) (Metadata GC Threshold) 24M->15M(512M) 18.461ms
[2020-08-08T08:14:11.985+0000][6][gc,cpu       ] GC(5) User=0.04s Sys=0.00s Real=0.02s
[2020-08-08T08:14:11.986+0000][6][gc           ] GC(6) Concurrent Cycle
[2020-08-08T08:14:11.986+0000][6][safepoint    ] Safepoint "CollectForMetadataAllocation", Time since last: 21762500 ns, Reaching safepoint: 221800 ns, At safepoint: 19226100 ns, Total: 19447900 ns
[2020-08-08T08:14:11.986+0000][6][gc,marking   ] GC(6) Concurrent Clear Claimed Marks
[2020-08-08T08:14:11.987+0000][6][gc,marking   ] GC(6) Concurrent Clear Claimed Marks 0.594ms
[2020-08-08T08:14:11.987+0000][6][gc,marking   ] GC(6) Concurrent Scan Root Regions
[2020-08-08T08:14:11.993+0000][6][gc,marking   ] GC(6) Concurrent Scan Root Regions 5.588ms
[2020-08-08T08:14:11.993+0000][6][gc,marking   ] GC(6) Concurrent Mark (4.025s)
[2020-08-08T08:14:11.993+0000][6][gc,marking   ] GC(6) Concurrent Mark From Roots
[2020-08-08T08:14:11.993+0000][6][gc,task      ] GC(6) Using 1 workers of 1 for marking
[2020-08-08T08:14:11.998+0000][6][gc,marking   ] GC(6) Concurrent Mark From Roots 4.939ms
[2020-08-08T08:14:11.999+0000][6][gc,marking   ] GC(6) Concurrent Preclean
[2020-08-08T08:14:11.999+0000][6][gc,marking   ] GC(6) Concurrent Preclean 0.528ms
[2020-08-08T08:14:11.999+0000][6][gc,marking   ] GC(6) Concurrent Mark (4.025s, 4.032s) 6.441ms
[2020-08-08T08:14:12.000+0000][6][gc,start     ] GC(6) Pause Remark
[2020-08-08T08:14:12.004+0000][6][gc           ] GC(6) Pause Remark 23M->23M(512M) 3.887ms
[2020-08-08T08:14:12.004+0000][6][gc,cpu       ] GC(6) User=0.01s Sys=0.00s Real=0.00s
[2020-08-08T08:14:12.005+0000][6][safepoint    ] Safepoint "G1Concurrent", Time since last: 13952400 ns, Reaching safepoint: 120200 ns, At safepoint: 4721900 ns, Total: 4842100 ns
[2020-08-08T08:14:12.005+0000][6][gc,marking   ] GC(6) Concurrent Rebuild Remembered Sets
[2020-08-08T08:14:12.008+0000][6][gc,marking   ] GC(6) Concurrent Rebuild Remembered Sets 3.367ms
[2020-08-08T08:14:12.010+0000][6][gc,start     ] GC(6) Pause Cleanup
[2020-08-08T08:14:12.010+0000][6][gc           ] GC(6) Pause Cleanup 28M->28M(512M) 0.727ms
[2020-08-08T08:14:12.011+0000][6][gc,cpu       ] GC(6) User=0.00s Sys=0.00s Real=0.00s
[2020-08-08T08:14:12.011+0000][6][safepoint    ] Safepoint "G1Concurrent", Time since last: 4318100 ns, Reaching safepoint: 694000 ns, At safepoint: 1479700 ns, Total: 2173700 ns
[2020-08-08T08:14:12.012+0000][6][gc,marking   ] GC(6) Concurrent Cleanup for Next Mark
[2020-08-08T08:14:12.015+0000][6][gc,marking   ] GC(6) Concurrent Cleanup for Next Mark 3.610ms
[2020-08-08T08:14:12.016+0000][6][gc           ] GC(6) Concurrent Cycle 29.719ms
[2020-08-08T08:14:12.494+0000][6][gc,start     ] GC(7) Pause Young (Normal) (G1 Evacuation Pause)
[2020-08-08T08:14:12.495+0000][6][gc,task      ] GC(7) Using 4 workers of 4 for evacuation
[2020-08-08T08:14:12.495+0000][6][gc,age       ] GC(7) Desired survivor size 20447232 bytes, new threshold 15 (max threshold 15)
[2020-08-08T08:14:12.510+0000][6][gc,age       ] GC(7) Age table with threshold 15 (max threshold 15)
[2020-08-08T08:14:12.510+0000][6][gc,age       ] GC(7) - age   1:    3023400 bytes,    3023400 total
[2020-08-08T08:14:12.511+0000][6][gc,age       ] GC(7) - age   2:      50368 bytes,    3073768 total
[2020-08-08T08:14:12.511+0000][6][gc,age       ] GC(7) - age   3:    3050312 bytes,    6124080 total
[2020-08-08T08:14:12.511+0000][6][gc,age       ] GC(7) - age   4:    2846544 bytes,    8970624 total
[2020-08-08T08:14:12.511+0000][6][gc,age       ] GC(7) - age   5:    3251392 bytes,   12222016 total
[2020-08-08T08:14:12.512+0000][6][gc,age       ] GC(7) - age   6:    1955432 bytes,   14177448 total
[2020-08-08T08:14:12.512+0000][6][gc,phases    ] GC(7)   Pre Evacuate Collection Set: 0.2ms
[2020-08-08T08:14:12.512+0000][6][gc,phases    ] GC(7)   Merge Heap Roots: 0.2ms
[2020-08-08T08:14:12.512+0000][6][gc,phases    ] GC(7)   Evacuate Collection Set: 9.4ms
[2020-08-08T08:14:12.513+0000][6][gc,phases    ] GC(7)   Post Evacuate Collection Set: 4.1ms
[2020-08-08T08:14:12.513+0000][6][gc,phases    ] GC(7)   Other: 3.9ms
[2020-08-08T08:14:12.513+0000][6][gc,heap      ] GC(7) Eden regions: 296->0(292)
[2020-08-08T08:14:12.513+0000][6][gc,heap      ] GC(7) Survivor regions: 11->15(39)
[2020-08-08T08:14:12.514+0000][6][gc,heap      ] GC(7) Old regions: 3->3
[2020-08-08T08:14:12.514+0000][6][gc,heap      ] GC(7) Archive regions: 2->2
[2020-08-08T08:14:12.514+0000][6][gc,heap      ] GC(7) Humongous regions: 1->1
[2020-08-08T08:14:12.514+0000][6][gc,metaspace ] GC(7) Metaspace: 21079K(22528K)->21079K(22528K) NonClass: 18502K(19456K)->18502K(19456K) Class: 2576K(3072K)->2576K(3072K)
[2020-08-08T08:14:12.515+0000][6][gc           ] GC(7) Pause Young (Normal) (G1 Evacuation Pause) 311M->18M(512M) 20.338ms
[2020-08-08T08:14:12.515+0000][6][gc,cpu       ] GC(7) User=0.04s Sys=0.02s Real=0.02s
[2020-08-08T08:14:12.515+0000][6][safepoint    ] Safepoint "G1CollectForAllocation", Time since last: 482718400 ns, Reaching safepoint: 216400 ns, At safepoint: 20840200 ns, Total: 21056600 ns
[2020-08-08T08:14:12.968+0000][6][gc,start     ] GC(8) Pause Young (Normal) (G1 Evacuation Pause)
[2020-08-08T08:14:12.968+0000][6][gc,task      ] GC(8) Using 4 workers of 4 for evacuation
[2020-08-08T08:14:12.968+0000][6][gc,age       ] GC(8) Desired survivor size 20447232 bytes, new threshold 15 (max threshold 15)
[2020-08-08T08:14:12.987+0000][6][gc,age       ] GC(8) Age table with threshold 15 (max threshold 15)
[2020-08-08T08:14:12.988+0000][6][gc,age       ] GC(8) - age   1:    2708448 bytes,    2708448 total
[2020-08-08T08:14:12.988+0000][6][gc,age       ] GC(8) - age   2:    2098744 bytes,    4807192 total
[2020-08-08T08:14:12.989+0000][6][gc,age       ] GC(8) - age   3:      50368 bytes,    4857560 total
[2020-08-08T08:14:12.989+0000][6][gc,age       ] GC(8) - age   4:    3050264 bytes,    7907824 total
[2020-08-08T08:14:12.989+0000][6][gc,age       ] GC(8) - age   5:    2845504 bytes,   10753328 total
[2020-08-08T08:14:12.990+0000][6][gc,age       ] GC(8) - age   6:    3251392 bytes,   14004720 total
[2020-08-08T08:14:12.990+0000][6][gc,age       ] GC(8) - age   7:    1955432 bytes,   15960152 total
[2020-08-08T08:14:12.990+0000][6][gc,phases    ] GC(8)   Pre Evacuate Collection Set: 0.3ms
[2020-08-08T08:14:12.990+0000][6][gc,phases    ] GC(8)   Merge Heap Roots: 0.3ms
[2020-08-08T08:14:12.991+0000][6][gc,phases    ] GC(8)   Evacuate Collection Set: 13.7ms
[2020-08-08T08:14:12.991+0000][6][gc,phases    ] GC(8)   Post Evacuate Collection Set: 4.2ms
[2020-08-08T08:14:12.991+0000][6][gc,phases    ] GC(8)   Other: 4.2ms
[2020-08-08T08:14:12.992+0000][6][gc,heap      ] GC(8) Eden regions: 292->0(291)
[2020-08-08T08:14:12.992+0000][6][gc,heap      ] GC(8) Survivor regions: 15->16(39)
[2020-08-08T08:14:12.992+0000][6][gc,heap      ] GC(8) Old regions: 3->3
[2020-08-08T08:14:12.992+0000][6][gc,heap      ] GC(8) Archive regions: 2->2
[2020-08-08T08:14:12.992+0000][6][gc,heap      ] GC(8) Humongous regions: 1->1
[2020-08-08T08:14:12.993+0000][6][gc,metaspace ] GC(8) Metaspace: 21375K(22784K)->21375K(22784K) NonClass: 18740K(19712K)->18740K(19712K) Class: 2635K(3072K)->2635K(3072K)
[2020-08-08T08:14:12.993+0000][6][gc           ] GC(8) Pause Young (Normal) (G1 Evacuation Pause) 310M->20M(512M) 25.437ms
[2020-08-08T08:14:12.993+0000][6][gc,cpu       ] GC(8) User=0.04s Sys=0.01s Real=0.02s
[2020-08-08T08:14:12.994+0000][6][safepoint    ] Safepoint "G1CollectForAllocation", Time since last: 452352800 ns, Reaching safepoint: 169400 ns, At safepoint: 26045600 ns, Total: 26215000 ns
[2020-08-08T08:14:13.873+0000][6][safepoint    ] Safepoint "ICBufferFull", Time since last: 879105900 ns, Reaching safepoint: 614200 ns, At safepoint: 24400 ns, Total: 638600 ns
[2020-08-08T08:14:14.875+0000][6][gc,start     ] GC(9) Pause Young (Normal) (G1 Evacuation Pause)
[2020-08-08T08:14:14.876+0000][6][gc,task      ] GC(9) Using 4 workers of 4 for evacuation
[2020-08-08T08:14:14.876+0000][6][gc,age       ] GC(9) Desired survivor size 20447232 bytes, new threshold 15 (max threshold 15)
[2020-08-08T08:14:14.919+0000][6][gc,age       ] GC(9) Age table with threshold 15 (max threshold 15)
[2020-08-08T08:14:14.919+0000][6][gc,age       ] GC(9) - age   1:   24344872 bytes,   24344872 total
[2020-08-08T08:14:14.919+0000][6][gc,age       ] GC(9) - age   2:     671520 bytes,   25016392 total
[2020-08-08T08:14:14.920+0000][6][gc,age       ] GC(9) - age   3:    2083456 bytes,   27099848 total
[2020-08-08T08:14:14.920+0000][6][gc,age       ] GC(9) - age   4:      50240 bytes,   27150088 total
[2020-08-08T08:14:14.920+0000][6][gc,age       ] GC(9) - age   5:    3022616 bytes,   30172704 total
[2020-08-08T08:14:14.920+0000][6][gc,age       ] GC(9) - age   6:    2836032 bytes,   33008736 total
[2020-08-08T08:14:14.921+0000][6][gc,age       ] GC(9) - age   7:    3184632 bytes,   36193368 total
[2020-08-08T08:14:14.921+0000][6][gc,age       ] GC(9) - age   8:    1943496 bytes,   38136864 total
[2020-08-08T08:14:14.921+0000][6][gc,phases    ] GC(9)   Pre Evacuate Collection Set: 0.3ms
[2020-08-08T08:14:14.921+0000][6][gc,phases    ] GC(9)   Merge Heap Roots: 0.3ms
[2020-08-08T08:14:14.922+0000][6][gc,phases    ] GC(9)   Evacuate Collection Set: 37.2ms
[2020-08-08T08:14:14.922+0000][6][gc,phases    ] GC(9)   Post Evacuate Collection Set: 4.3ms
[2020-08-08T08:14:14.922+0000][6][gc,phases    ] GC(9)   Other: 4.1ms
[2020-08-08T08:14:14.922+0000][6][gc,heap      ] GC(9) Eden regions: 291->0(269)
[2020-08-08T08:14:14.923+0000][6][gc,heap      ] GC(9) Survivor regions: 16->38(39)
[2020-08-08T08:14:14.923+0000][6][gc,heap      ] GC(9) Old regions: 3->3
[2020-08-08T08:14:14.923+0000][6][gc,heap      ] GC(9) Archive regions: 2->2
[2020-08-08T08:14:14.923+0000][6][gc,heap      ] GC(9) Humongous regions: 1->1
[2020-08-08T08:14:14.924+0000][6][gc,metaspace ] GC(9) Metaspace: 28717K(31104K)->28717K(31104K) NonClass: 25071K(26624K)->25071K(26624K) Class: 3646K(4480K)->3646K(4480K)
[2020-08-08T08:14:14.924+0000][6][gc           ] GC(9) Pause Young (Normal) (G1 Evacuation Pause) 311M->41M(512M) 48.710ms
[2020-08-08T08:14:14.924+0000][6][gc,cpu       ] GC(9) User=0.11s Sys=0.01s Real=0.05s
[2020-08-08T08:14:14.926+0000][6][safepoint    ] Safepoint "G1CollectForAllocation", Time since last: 1001449300 ns, Reaching safepoint: 304400 ns, At safepoint: 50999800 ns, Total: 51304200 ns
[2020-08-08T08:14:15.465+0000][6][gc,start     ] GC(10) Pause Young (Concurrent Start) (Metadata GC Threshold)
[2020-08-08T08:14:15.465+0000][6][gc,task      ] GC(10) Using 4 workers of 4 for evacuation
[2020-08-08T08:14:15.466+0000][6][gc,age       ] GC(10) Desired survivor size 20447232 bytes, new threshold 1 (max threshold 15)
[2020-08-08T08:14:15.513+0000][6][gc,age       ] GC(10) Age table with threshold 1 (max threshold 15)
[2020-08-08T08:14:15.513+0000][6][gc,age       ] GC(10) - age   1:    4589936 bytes,    4589936 total
[2020-08-08T08:14:15.513+0000][6][gc,phases    ] GC(10)   Pre Evacuate Collection Set: 0.4ms
[2020-08-08T08:14:15.514+0000][6][gc,phases    ] GC(10)   Merge Heap Roots: 0.3ms
[2020-08-08T08:14:15.514+0000][6][gc,phases    ] GC(10)   Evacuate Collection Set: 42.8ms
[2020-08-08T08:14:15.514+0000][6][gc,phases    ] GC(10)   Post Evacuate Collection Set: 2.7ms
[2020-08-08T08:14:15.514+0000][6][gc,phases    ] GC(10)   Other: 2.4ms
[2020-08-08T08:14:15.515+0000][6][gc,heap      ] GC(10) Eden regions: 61->0(302)
[2020-08-08T08:14:15.515+0000][6][gc,heap      ] GC(10) Survivor regions: 38->5(39)
[2020-08-08T08:14:15.515+0000][6][gc,heap      ] GC(10) Old regions: 3->40
[2020-08-08T08:14:15.515+0000][6][gc,heap      ] GC(10) Archive regions: 2->2
[2020-08-08T08:14:15.516+0000][6][gc,heap      ] GC(10) Humongous regions: 1->1
[2020-08-08T08:14:15.516+0000][6][gc,metaspace ] GC(10) Metaspace: 32781K(35628K)->32781K(35628K) NonClass: 28491K(30380K)->28491K(30380K) Class: 4290K(5248K)->4290K(5248K)
[2020-08-08T08:14:15.516+0000][6][gc           ] GC(10) Pause Young (Concurrent Start) (Metadata GC Threshold) 102M->46M(512M) 51.112ms
[2020-08-08T08:14:15.516+0000][6][gc,cpu       ] GC(10) User=0.08s Sys=0.01s Real=0.05s
[2020-08-08T08:14:15.517+0000][6][gc           ] GC(11) Concurrent Cycle
[2020-08-08T08:14:15.518+0000][6][gc,marking   ] GC(11) Concurrent Clear Claimed Marks
[2020-08-08T08:14:15.517+0000][6][safepoint    ] Safepoint "CollectForMetadataAllocation", Time since last: 538470500 ns, Reaching safepoint: 328500 ns, At safepoint: 51840700 ns, Total: 52169200 ns
[2020-08-08T08:14:15.519+0000][6][gc,marking   ] GC(11) Concurrent Clear Claimed Marks 0.423ms
[2020-08-08T08:14:15.520+0000][6][gc,marking   ] GC(11) Concurrent Scan Root Regions
[2020-08-08T08:14:15.544+0000][6][safepoint    ] Safepoint "CollectForMetadataAllocation", Time since last: 26904600 ns, Reaching safepoint: 183100 ns, At safepoint: 101600 ns, Total: 284700 ns
[2020-08-08T08:14:15.544+0000][6][gc,marking   ] GC(11) Concurrent Scan Root Regions 24.633ms
[2020-08-08T08:14:15.545+0000][6][gc,marking   ] GC(11) Concurrent Mark (7.577s)
[2020-08-08T08:14:15.545+0000][6][gc,marking   ] GC(11) Concurrent Mark From Roots
[2020-08-08T08:14:15.546+0000][6][gc,task      ] GC(11) Using 1 workers of 1 for marking
[2020-08-08T08:14:15.551+0000][6][gc,marking   ] GC(11) Concurrent Mark From Roots 5.372ms
[2020-08-08T08:14:15.551+0000][6][gc,marking   ] GC(11) Concurrent Preclean
[2020-08-08T08:14:15.551+0000][6][gc,marking   ] GC(11) Concurrent Preclean 0.442ms
[2020-08-08T08:14:15.552+0000][6][gc,marking   ] GC(11) Concurrent Mark (7.577s, 7.584s) 6.990ms
[2020-08-08T08:14:15.553+0000][6][gc,start     ] GC(11) Pause Remark
[2020-08-08T08:14:15.558+0000][6][gc           ] GC(11) Pause Remark 49M->49M(512M) 5.255ms
[2020-08-08T08:14:15.558+0000][6][gc,cpu       ] GC(11) User=0.01s Sys=0.00s Real=0.01s
[2020-08-08T08:14:15.559+0000][6][safepoint    ] Safepoint "G1Concurrent", Time since last: 8298200 ns, Reaching safepoint: 424800 ns, At safepoint: 5909900 ns, Total: 6334700 ns
[2020-08-08T08:14:15.559+0000][6][gc,marking   ] GC(11) Concurrent Rebuild Remembered Sets
[2020-08-08T08:14:15.596+0000][6][gc,marking   ] GC(11) Concurrent Rebuild Remembered Sets 37.453ms
[2020-08-08T08:14:15.598+0000][6][gc,start     ] GC(11) Pause Cleanup
[2020-08-08T08:14:15.598+0000][6][gc           ] GC(11) Pause Cleanup 52M->52M(512M) 0.651ms
[2020-08-08T08:14:15.598+0000][6][gc,cpu       ] GC(11) User=0.00s Sys=0.00s Real=0.00s
[2020-08-08T08:14:15.599+0000][6][safepoint    ] Safepoint "G1Concurrent", Time since last: 38307500 ns, Reaching safepoint: 723500 ns, At safepoint: 1205200 ns, Total: 1928700 ns
[2020-08-08T08:14:15.599+0000][6][gc,marking   ] GC(11) Concurrent Cleanup for Next Mark
[2020-08-08T08:14:15.600+0000][6][gc,marking   ] GC(11) Concurrent Cleanup for Next Mark 1.210ms
[2020-08-08T08:14:15.601+0000][6][gc           ] GC(11) Concurrent Cycle 84.102ms
[2020-08-08T08:14:16.224+0000][6][safepoint    ] Safepoint "ICBufferFull", Time since last: 659995900 ns, Reaching safepoint: 295800 ns, At safepoint: 95900 ns, Total: 391700 ns
[2020-08-08T08:14:17.576+0000][6][safepoint    ] Safepoint "ICBufferFull", Time since last: 1350810400 ns, Reaching safepoint: 583000 ns, At safepoint: 46700 ns, Total: 629700 ns
[2020-08-08T08:14:18.229+0000][6][safepoint    ] Safepoint "BulkRevokeBias", Time since last: 652040300 ns, Reaching safepoint: 834700 ns, At safepoint: 128400 ns, Total: 963100 ns
[2020-08-08T08:14:18.244+0000][6][safepoint    ] Safepoint "BulkRevokeBias", Time since last: 14965900 ns, Reaching safepoint: 143900 ns, At safepoint: 102400 ns, Total: 246300 ns
[2020-08-08T08:14:18.253+0000][6][safepoint    ] Safepoint "BulkRevokeBias", Time since last: 7990500 ns, Reaching safepoint: 385600 ns, At safepoint: 416600 ns, Total: 802200 ns
[2020-08-08T08:14:18.403+0000][6][gc,start     ] GC(12) Pause Young (Concurrent Start) (G1 Evacuation Pause)
[2020-08-08T08:14:18.403+0000][6][gc,task      ] GC(12) Using 4 workers of 4 for evacuation
[2020-08-08T08:14:18.404+0000][6][gc,age       ] GC(12) Desired survivor size 20447232 bytes, new threshold 15 (max threshold 15)
[2020-08-08T08:14:18.428+0000][6][gc,age       ] GC(12) Age table with threshold 15 (max threshold 15)
[2020-08-08T08:14:18.428+0000][6][gc,age       ] GC(12) - age   1:    9995936 bytes,    9995936 total
[2020-08-08T08:14:18.428+0000][6][gc,age       ] GC(12) - age   2:    4479096 bytes,   14475032 total
[2020-08-08T08:14:18.429+0000][6][gc,phases    ] GC(12)   Pre Evacuate Collection Set: 0.6ms
[2020-08-08T08:14:18.429+0000][6][gc,phases    ] GC(12)   Merge Heap Roots: 0.3ms
[2020-08-08T08:14:18.429+0000][6][gc,phases    ] GC(12)   Evacuate Collection Set: 18.2ms
[2020-08-08T08:14:18.429+0000][6][gc,phases    ] GC(12)   Post Evacuate Collection Set: 4.4ms
[2020-08-08T08:14:18.430+0000][6][gc,phases    ] GC(12)   Other: 2.3ms
[2020-08-08T08:14:18.430+0000][6][gc,heap      ] GC(12) Eden regions: 302->0(292)
[2020-08-08T08:14:18.430+0000][6][gc,heap      ] GC(12) Survivor regions: 5->15(39)
[2020-08-08T08:14:18.430+0000][6][gc,heap      ] GC(12) Old regions: 40->40
[2020-08-08T08:14:18.431+0000][6][gc,heap      ] GC(12) Archive regions: 2->2
[2020-08-08T08:14:18.431+0000][6][gc,heap      ] GC(12) Humongous regions: 1->1
[2020-08-08T08:14:18.431+0000][6][gc,metaspace ] GC(12) Metaspace: 53998K(58752K)->53998K(58752K) NonClass: 46726K(49664K)->46726K(49664K) Class: 7272K(9088K)->7272K(9088K)
[2020-08-08T08:14:18.431+0000][6][gc           ] GC(12) Pause Young (Concurrent Start) (G1 Evacuation Pause) 348M->55M(512M) 28.616ms
[2020-08-08T08:14:18.432+0000][6][gc,cpu       ] GC(12) User=0.04s Sys=0.02s Real=0.02s
[2020-08-08T08:14:18.432+0000][6][safepoint    ] Safepoint "G1CollectForAllocation", Time since last: 149954600 ns, Reaching safepoint: 163700 ns, At safepoint: 29238400 ns, Total: 29402100 ns
[2020-08-08T08:14:18.432+0000][6][gc           ] GC(13) Concurrent Cycle
[2020-08-08T08:14:18.435+0000][6][gc,marking   ] GC(13) Concurrent Clear Claimed Marks
[2020-08-08T08:14:18.436+0000][6][gc,marking   ] GC(13) Concurrent Clear Claimed Marks 0.883ms
[2020-08-08T08:14:18.437+0000][6][gc,marking   ] GC(13) Concurrent Scan Root Regions
[2020-08-08T08:14:18.449+0000][6][gc,marking   ] GC(13) Concurrent Scan Root Regions 12.200ms
[2020-08-08T08:14:18.449+0000][6][gc,marking   ] GC(13) Concurrent Mark (10.517s)
[2020-08-08T08:14:18.450+0000][6][gc,marking   ] GC(13) Concurrent Mark From Roots
[2020-08-08T08:14:18.450+0000][6][gc,task      ] GC(13) Using 1 workers of 1 for marking
[2020-08-08T08:14:18.512+0000][6][gc,marking   ] GC(13) Concurrent Mark From Roots 62.361ms
[2020-08-08T08:14:18.513+0000][6][gc,marking   ] GC(13) Concurrent Preclean
[2020-08-08T08:14:18.513+0000][6][gc,marking   ] GC(13) Concurrent Preclean 0.612ms
[2020-08-08T08:14:18.514+0000][6][gc,marking   ] GC(13) Concurrent Mark (10.517s, 10.581s) 64.407ms
[2020-08-08T08:14:18.515+0000][6][gc,start     ] GC(13) Pause Remark
[2020-08-08T08:14:18.519+0000][6][gc           ] GC(13) Pause Remark 69M->69M(512M) 4.497ms
[2020-08-08T08:14:18.520+0000][6][gc,cpu       ] GC(13) User=0.01s Sys=0.00s Real=0.00s
[2020-08-08T08:14:18.520+0000][6][safepoint    ] Safepoint "G1Concurrent", Time since last: 82332800 ns, Reaching safepoint: 410500 ns, At safepoint: 5592900 ns, Total: 6003400 ns
[2020-08-08T08:14:18.521+0000][6][gc,marking   ] GC(13) Concurrent Rebuild Remembered Sets
[2020-08-08T08:14:18.567+0000][6][gc,marking   ] GC(13) Concurrent Rebuild Remembered Sets 46.590ms
[2020-08-08T08:14:18.570+0000][6][gc,start     ] GC(13) Pause Cleanup
[2020-08-08T08:14:18.571+0000][6][gc           ] GC(13) Pause Cleanup 76M->76M(512M) 0.866ms
[2020-08-08T08:14:18.571+0000][6][gc,cpu       ] GC(13) User=0.00s Sys=0.00s Real=0.00s
[2020-08-08T08:14:18.572+0000][6][safepoint    ] Safepoint "G1Concurrent", Time since last: 48354600 ns, Reaching safepoint: 903200 ns, At safepoint: 1894900 ns, Total: 2798100 ns
[2020-08-08T08:14:18.574+0000][6][gc,marking   ] GC(13) Concurrent Cleanup for Next Mark
[2020-08-08T08:14:18.577+0000][6][gc,marking   ] GC(13) Concurrent Cleanup for Next Mark 2.331ms
[2020-08-08T08:14:18.577+0000][6][gc           ] GC(13) Concurrent Cycle 145.433ms
[2020-08-08T08:14:19.111+0000][6][safepoint    ] Safepoint "BulkRevokeBias", Time since last: 537494400 ns, Reaching safepoint: 1924700 ns, At safepoint: 194900 ns, Total: 2119600 ns
[2020-08-08T08:14:20.126+0000][6][safepoint    ] Safepoint "Cleanup", Time since last: 1013988200 ns, Reaching safepoint: 1186100 ns, At safepoint: 32500 ns, Total: 1218600 ns
[2020-08-08T08:14:21.143+0000][6][safepoint    ] Safepoint "Cleanup", Time since last: 1015109900 ns, Reaching safepoint: 1001300 ns, At safepoint: 95700 ns, Total: 1097000 ns
[2020-08-08T08:14:21.746+0000][6][safepoint    ] Safepoint "ICBufferFull", Time since last: 602510100 ns, Reaching safepoint: 554300 ns, At safepoint: 45600 ns, Total: 599900 ns
[2020-08-08T08:14:21.750+0000][6][safepoint    ] Safepoint "BulkRevokeBias", Time since last: 4064800 ns, Reaching safepoint: 446000 ns, At safepoint: 135500 ns, Total: 581500 ns
[2020-08-08T08:14:21.852+0000][6][safepoint    ] Safepoint "BulkRevokeBias", Time since last: 101077000 ns, Reaching safepoint: 102000 ns, At safepoint: 141800 ns, Total: 243800 ns
[2020-08-08T08:14:22.381+0000][6][safepoint    ] Safepoint "BulkRevokeBias", Time since last: 528486700 ns, Reaching safepoint: 439500 ns, At safepoint: 315700 ns, Total: 755200 ns
[2020-08-08T08:14:22.415+0000][6][safepoint    ] Safepoint "BulkRevokeBias", Time since last: 32903500 ns, Reaching safepoint: 551900 ns, At safepoint: 312800 ns, Total: 864700 ns
[2020-08-08T08:14:22.513+0000][6][gc,start     ] GC(14) Pause Young (Normal) (G1 Evacuation Pause)
[2020-08-08T08:14:22.514+0000][6][gc,task      ] GC(14) Using 4 workers of 4 for evacuation
[2020-08-08T08:14:22.515+0000][6][gc,age       ] GC(14) Desired survivor size 20447232 bytes, new threshold 15 (max threshold 15)
[2020-08-08T08:14:22.543+0000][6][gc,age       ] GC(14) Age table with threshold 15 (max threshold 15)
[2020-08-08T08:14:22.543+0000][6][gc,age       ] GC(14) - age   1:    8508776 bytes,    8508776 total
[2020-08-08T08:14:22.543+0000][6][gc,age       ] GC(14) - age   2:    9485208 bytes,   17993984 total
[2020-08-08T08:14:22.544+0000][6][gc,age       ] GC(14) - age   3:    4439400 bytes,   22433384 total
[2020-08-08T08:14:22.544+0000][6][gc,phases    ] GC(14)   Pre Evacuate Collection Set: 0.3ms
[2020-08-08T08:14:22.545+0000][6][gc,phases    ] GC(14)   Merge Heap Roots: 0.3ms
[2020-08-08T08:14:22.545+0000][6][gc,phases    ] GC(14)   Evacuate Collection Set: 22.6ms
[2020-08-08T08:14:22.545+0000][6][gc,phases    ] GC(14)   Post Evacuate Collection Set: 4.5ms
[2020-08-08T08:14:22.546+0000][6][gc,phases    ] GC(14)   Other: 3.2ms
[2020-08-08T08:14:22.546+0000][6][gc,heap      ] GC(14) Eden regions: 292->0(284)
[2020-08-08T08:14:22.546+0000][6][gc,heap      ] GC(14) Survivor regions: 15->23(39)
[2020-08-08T08:14:22.546+0000][6][gc,heap      ] GC(14) Old regions: 40->40
[2020-08-08T08:14:22.547+0000][6][gc,heap      ] GC(14) Archive regions: 2->2
[2020-08-08T08:14:22.547+0000][6][gc,heap      ] GC(14) Humongous regions: 1->1
[2020-08-08T08:14:22.547+0000][6][gc,metaspace ] GC(14) Metaspace: 79867K(86272K)->79867K(86272K) NonClass: 68968K(72704K)->68968K(72704K) Class: 10898K(13568K)->10898K(13568K)
[2020-08-08T08:14:22.547+0000][6][gc           ] GC(14) Pause Young (Normal) (G1 Evacuation Pause) 347M->63M(512M) 33.855ms
[2020-08-08T08:14:22.548+0000][6][gc,cpu       ] GC(14) User=0.09s Sys=0.02s Real=0.03s
[2020-08-08T08:14:22.548+0000][6][safepoint    ] Safepoint "G1CollectForAllocation", Time since last: 98617100 ns, Reaching safepoint: 169900 ns, At safepoint: 34458600 ns, Total: 34628500 ns
[2020-08-08T08:14:23.592+0000][6][safepoint    ] Safepoint "Cleanup", Time since last: 1043773700 ns, Reaching safepoint: 179100 ns, At safepoint: 12400 ns, Total: 191500 ns
[2020-08-08T08:14:26.601+0000][6][safepoint    ] Safepoint "Cleanup", Time since last: 3007978100 ns, Reaching safepoint: 471200 ns, At safepoint: 202000 ns, Total: 673200 ns
[2020-08-08T08:14:27.603+0000][6][safepoint    ] Safepoint "Cleanup", Time since last: 1001991500 ns, Reaching safepoint: 357700 ns, At safepoint: 23200 ns, Total: 380900 ns
[2020-08-08T08:14:29.608+0000][6][safepoint    ] Safepoint "Cleanup", Time since last: 2004481100 ns, Reaching safepoint: 253700 ns, At safepoint: 16100 ns, Total: 269800 ns
[2020-08-08T08:14:31.613+0000][6][safepoint    ] Safepoint "Cleanup", Time since last: 2004949600 ns, Reaching safepoint: 359200 ns, At safepoint: 23100 ns, Total: 382300 ns
[2020-08-08T08:14:32.618+0000][6][safepoint    ] Safepoint "Cleanup", Time since last: 1004110100 ns, Reaching safepoint: 711300 ns, At safepoint: 43300 ns, Total: 754600 ns
[2020-08-08T08:14:33.620+0000][6][safepoint    ] Safepoint "Cleanup", Time since last: 1001850800 ns, Reaching safepoint: 357900 ns, At safepoint: 22500 ns, Total: 380400 ns
[2020-08-08T08:14:34.188+0000][6][safepoint    ] Safepoint "BulkRevokeBias", Time since last: 567393800 ns, Reaching safepoint: 385100 ns, At safepoint: 233100 ns, Total: 618200 ns
[2020-08-08T08:14:34.203+0000][6][safepoint    ] Safepoint "BulkRevokeBias", Time since last: 14312600 ns, Reaching safepoint: 344300 ns, At safepoint: 198500 ns, Total: 542800 ns
[2020-08-08T08:14:34.231+0000][6][gc,heap,exit ] Heap
[2020-08-08T08:14:34.232+0000][6][gc,heap,exit ]  garbage-first heap   total 524288K, used 85999K [0x00000000e0000000, 0x0000000100000000)
[2020-08-08T08:14:34.232+0000][6][gc,heap,exit ]   region size 1024K, 44 young (45056K), 23 survivors (23552K)
[2020-08-08T08:14:34.232+0000][6][gc,heap,exit ]  Metaspace       used 80475K, capacity 86799K, committed 87168K, reserved 1122304K
[2020-08-08T08:14:34.233+0000][6][gc,heap,exit ]   class space    used 10992K, capacity 13574K, committed 13696K, reserved 1048576K
