[2020-08-08T08:13:17.469+0000][6][gc,heap] Heap region size: 1M
[2020-08-08T08:13:17.470+0000][6][gc,heap,coops] Heap address: 0x00000000e0000000, size: 512 MB, Compressed Oops mode: 32-bit
[2020-08-08T08:13:17.649+0000][6][gc           ] Using G1
[2020-08-08T08:13:17.650+0000][6][gc,cds       ] Mark closed archive regions in map: [0x00000000fff00000, 0x00000000fff7eff8]
[2020-08-08T08:13:17.651+0000][6][gc,cds       ] Mark open archive regions in map: [0x00000000ffe00000, 0x00000000ffe52ff8]
[2020-08-08T08:13:17.680+0000][6][gc           ] Periodic GC disabled
[2020-08-08T08:13:18.284+0000][6][gc,start     ] GC(0) Pause Young (Normal) (G1 Evacuation Pause)
[2020-08-08T08:13:18.285+0000][6][gc,task      ] GC(0) Using 4 workers of 4 for evacuation
[2020-08-08T08:13:18.286+0000][6][gc,age       ] GC(0) Desired survivor size 2097152 bytes, new threshold 15 (max threshold 15)
[2020-08-08T08:13:18.293+0000][6][gc,age       ] GC(0) Age table with threshold 15 (max threshold 15)
[2020-08-08T08:13:18.293+0000][6][gc,age       ] GC(0) - age   1:    2734944 bytes,    2734944 total
[2020-08-08T08:13:18.293+0000][6][gc,phases    ] GC(0)   Pre Evacuate Collection Set: 0.1ms
[2020-08-08T08:13:18.294+0000][6][gc,phases    ] GC(0)   Merge Heap Roots: 0.2ms
[2020-08-08T08:13:18.294+0000][6][gc,phases    ] GC(0)   Evacuate Collection Set: 5.1ms
[2020-08-08T08:13:18.294+0000][6][gc,phases    ] GC(0)   Post Evacuate Collection Set: 1.2ms
[2020-08-08T08:13:18.294+0000][6][gc,phases    ] GC(0)   Other: 2.7ms
[2020-08-08T08:13:18.295+0000][6][gc,heap      ] GC(0) Eden regions: 25->0(29)
[2020-08-08T08:13:18.295+0000][6][gc,heap      ] GC(0) Survivor regions: 0->3(4)
[2020-08-08T08:13:18.295+0000][6][gc,heap      ] GC(0) Old regions: 0->0
[2020-08-08T08:13:18.295+0000][6][gc,heap      ] GC(0) Archive regions: 2->2
[2020-08-08T08:13:18.295+0000][6][gc,heap      ] GC(0) Humongous regions: 1->1
[2020-08-08T08:13:18.296+0000][6][gc,metaspace ] GC(0) Metaspace: 6054K(8704K)->6054K(8704K) NonClass: 5375K(7680K)->5375K(7680K) Class: 678K(1024K)->678K(1024K)
[2020-08-08T08:13:18.296+0000][6][gc           ] GC(0) Pause Young (Normal) (G1 Evacuation Pause) 26M->4M(512M) 11.892ms
[2020-08-08T08:13:18.296+0000][6][gc,cpu       ] GC(0) User=0.01s Sys=0.00s Real=0.01s
[2020-08-08T08:13:18.297+0000][6][safepoint    ] Safepoint "G1CollectForAllocation", Time since last: 619329000 ns, Reaching safepoint: 627400 ns, At safepoint: 12445900 ns, Total: 13073300 ns
[2020-08-08T08:13:19.089+0000][6][safepoint    ] Safepoint "ICBufferFull", Time since last: 791814100 ns, Reaching safepoint: 211200 ns, At safepoint: 23600 ns, Total: 234800 ns
[2020-08-08T08:13:19.148+0000][6][gc,start     ] GC(1) Pause Young (Normal) (G1 Evacuation Pause)
[2020-08-08T08:13:19.148+0000][6][gc,task      ] GC(1) Using 4 workers of 4 for evacuation
[2020-08-08T08:13:19.148+0000][6][gc,age       ] GC(1) Desired survivor size 2097152 bytes, new threshold 1 (max threshold 15)
[2020-08-08T08:13:19.155+0000][6][gc,age       ] GC(1) Age table with threshold 1 (max threshold 15)
[2020-08-08T08:13:19.155+0000][6][gc,age       ] GC(1) - age   1:    1945760 bytes,    1945760 total
[2020-08-08T08:13:19.156+0000][6][gc,phases    ] GC(1)   Pre Evacuate Collection Set: 0.2ms
[2020-08-08T08:13:19.156+0000][6][gc,phases    ] GC(1)   Merge Heap Roots: 0.2ms
[2020-08-08T08:13:19.156+0000][6][gc,phases    ] GC(1)   Evacuate Collection Set: 4.4ms
[2020-08-08T08:13:19.156+0000][6][gc,phases    ] GC(1)   Post Evacuate Collection Set: 1.4ms
[2020-08-08T08:13:19.157+0000][6][gc,phases    ] GC(1)   Other: 2.0ms
[2020-08-08T08:13:19.157+0000][6][gc,heap      ] GC(1) Eden regions: 29->0(76)
[2020-08-08T08:13:19.157+0000][6][gc,heap      ] GC(1) Survivor regions: 3->3(4)
[2020-08-08T08:13:19.157+0000][6][gc,heap      ] GC(1) Old regions: 0->3
[2020-08-08T08:13:19.158+0000][6][gc,heap      ] GC(1) Archive regions: 2->2
[2020-08-08T08:13:19.158+0000][6][gc,heap      ] GC(1) Humongous regions: 1->1
[2020-08-08T08:13:19.158+0000][6][gc,metaspace ] GC(1) Metaspace: 11584K(12160K)->11584K(12160K) NonClass: 10155K(10496K)->10155K(10496K) Class: 1429K(1664K)->1429K(1664K)
[2020-08-08T08:13:19.158+0000][6][gc           ] GC(1) Pause Young (Normal) (G1 Evacuation Pause) 33M->6M(512M) 10.831ms
[2020-08-08T08:13:19.159+0000][6][gc,cpu       ] GC(1) User=0.01s Sys=0.00s Real=0.01s
[2020-08-08T08:13:19.159+0000][6][safepoint    ] Safepoint "G1CollectForAllocation", Time since last: 58726700 ns, Reaching safepoint: 146500 ns, At safepoint: 11506500 ns, Total: 11653000 ns
[2020-08-08T08:13:19.983+0000][6][safepoint    ] Safepoint "ICBufferFull", Time since last: 823426600 ns, Reaching safepoint: 192100 ns, At safepoint: 24000 ns, Total: 216100 ns
[2020-08-08T08:13:20.210+0000][6][gc,start     ] GC(2) Pause Young (Normal) (G1 Evacuation Pause)
[2020-08-08T08:13:20.211+0000][6][gc,task      ] GC(2) Using 4 workers of 4 for evacuation
[2020-08-08T08:13:20.211+0000][6][gc,age       ] GC(2) Desired survivor size 5242880 bytes, new threshold 15 (max threshold 15)
[2020-08-08T08:13:20.220+0000][6][gc,age       ] GC(2) Age table with threshold 15 (max threshold 15)
[2020-08-08T08:13:20.220+0000][6][gc,age       ] GC(2) - age   1:    3576144 bytes,    3576144 total
[2020-08-08T08:13:20.220+0000][6][gc,age       ] GC(2) - age   2:    1833208 bytes,    5409352 total
[2020-08-08T08:13:20.221+0000][6][gc,phases    ] GC(2)   Pre Evacuate Collection Set: 0.2ms
[2020-08-08T08:13:20.221+0000][6][gc,phases    ] GC(2)   Merge Heap Roots: 0.2ms
[2020-08-08T08:13:20.221+0000][6][gc,phases    ] GC(2)   Evacuate Collection Set: 5.6ms
[2020-08-08T08:13:20.222+0000][6][gc,phases    ] GC(2)   Post Evacuate Collection Set: 1.8ms
[2020-08-08T08:13:20.222+0000][6][gc,phases    ] GC(2)   Other: 2.6ms
[2020-08-08T08:13:20.222+0000][6][gc,heap      ] GC(2) Eden regions: 76->0(142)
[2020-08-08T08:13:20.223+0000][6][gc,heap      ] GC(2) Survivor regions: 3->6(10)
[2020-08-08T08:13:20.223+0000][6][gc,heap      ] GC(2) Old regions: 3->3
[2020-08-08T08:13:20.223+0000][6][gc,heap      ] GC(2) Archive regions: 2->2
[2020-08-08T08:13:20.223+0000][6][gc,heap      ] GC(2) Humongous regions: 2->1
[2020-08-08T08:13:20.224+0000][6][gc,metaspace ] GC(2) Metaspace: 16578K(17408K)->16578K(17408K) NonClass: 14540K(15104K)->14540K(15104K) Class: 2037K(2304K)->2037K(2304K)
[2020-08-08T08:13:20.224+0000][6][gc           ] GC(2) Pause Young (Normal) (G1 Evacuation Pause) 83M->9M(512M) 13.645ms
[2020-08-08T08:13:20.224+0000][6][gc,cpu       ] GC(2) User=0.02s Sys=0.01s Real=0.02s
[2020-08-08T08:13:20.225+0000][6][safepoint    ] Safepoint "G1CollectForAllocation", Time since last: 227545200 ns, Reaching safepoint: 119200 ns, At safepoint: 14227200 ns, Total: 14346400 ns
[2020-08-08T08:13:20.231+0000][6][safepoint    ] Safepoint "BulkRevokeBias", Time since last: 6235200 ns, Reaching safepoint: 234400 ns, At safepoint: 101500 ns, Total: 335900 ns
[2020-08-08T08:13:20.247+0000][6][safepoint    ] Safepoint "BulkRevokeBias", Time since last: 15207700 ns, Reaching safepoint: 342100 ns, At safepoint: 86700 ns, Total: 428800 ns
[2020-08-08T08:13:20.249+0000][6][safepoint    ] Safepoint "BulkRevokeBias", Time since last: 1658700 ns, Reaching safepoint: 291800 ns, At safepoint: 88300 ns, Total: 380100 ns
[2020-08-08T08:13:20.618+0000][6][gc,start     ] GC(3) Pause Young (Normal) (G1 Evacuation Pause)
[2020-08-08T08:13:20.619+0000][6][gc,task      ] GC(3) Using 4 workers of 4 for evacuation
[2020-08-08T08:13:20.619+0000][6][gc,age       ] GC(3) Desired survivor size 9961472 bytes, new threshold 15 (max threshold 15)
[2020-08-08T08:13:20.629+0000][6][gc,age       ] GC(3) Age table with threshold 15 (max threshold 15)
[2020-08-08T08:13:20.630+0000][6][gc,age       ] GC(3) - age   1:    4323344 bytes,    4323344 total
[2020-08-08T08:13:20.630+0000][6][gc,age       ] GC(3) - age   2:    3294672 bytes,    7618016 total
[2020-08-08T08:13:20.630+0000][6][gc,age       ] GC(3) - age   3:    1832968 bytes,    9450984 total
[2020-08-08T08:13:20.631+0000][6][gc,phases    ] GC(3)   Pre Evacuate Collection Set: 0.1ms
[2020-08-08T08:13:20.631+0000][6][gc,phases    ] GC(3)   Merge Heap Roots: 0.3ms
[2020-08-08T08:13:20.631+0000][6][gc,phases    ] GC(3)   Evacuate Collection Set: 6.8ms
[2020-08-08T08:13:20.631+0000][6][gc,phases    ] GC(3)   Post Evacuate Collection Set: 2.5ms
[2020-08-08T08:13:20.632+0000][6][gc,phases    ] GC(3)   Other: 2.9ms
[2020-08-08T08:13:20.632+0000][6][gc,heap      ] GC(3) Eden regions: 142->0(297)
[2020-08-08T08:13:20.632+0000][6][gc,heap      ] GC(3) Survivor regions: 6->10(19)
[2020-08-08T08:13:20.632+0000][6][gc,heap      ] GC(3) Old regions: 3->3
[2020-08-08T08:13:20.632+0000][6][gc,heap      ] GC(3) Archive regions: 2->2
[2020-08-08T08:13:20.633+0000][6][gc,heap      ] GC(3) Humongous regions: 1->1
[2020-08-08T08:13:20.633+0000][6][gc,metaspace ] GC(3) Metaspace: 18129K(18944K)->18129K(18944K) NonClass: 15914K(16384K)->15914K(16384K) Class: 2215K(2560K)->2215K(2560K)
[2020-08-08T08:13:20.633+0000][6][gc           ] GC(3) Pause Young (Normal) (G1 Evacuation Pause) 151M->13M(512M) 15.200ms
[2020-08-08T08:13:20.633+0000][6][gc,cpu       ] GC(3) User=0.02s Sys=0.01s Real=0.02s
[2020-08-08T08:13:20.634+0000][6][safepoint    ] Safepoint "G1CollectForAllocation", Time since last: 368971500 ns, Reaching safepoint: 228900 ns, At safepoint: 15821900 ns, Total: 16050800 ns
[2020-08-08T08:13:21.216+0000][6][gc,start     ] GC(4) Pause Young (Normal) (G1 Evacuation Pause)
[2020-08-08T08:13:21.217+0000][6][gc,task      ] GC(4) Using 4 workers of 4 for evacuation
[2020-08-08T08:13:21.217+0000][6][gc,age       ] GC(4) Desired survivor size 20447232 bytes, new threshold 15 (max threshold 15)
[2020-08-08T08:13:21.233+0000][6][gc,age       ] GC(4) Age table with threshold 15 (max threshold 15)
[2020-08-08T08:13:21.233+0000][6][gc,age       ] GC(4) - age   1:    5253344 bytes,    5253344 total
[2020-08-08T08:13:21.233+0000][6][gc,age       ] GC(4) - age   2:    1650904 bytes,    6904248 total
[2020-08-08T08:13:21.234+0000][6][gc,age       ] GC(4) - age   3:    3293864 bytes,   10198112 total
[2020-08-08T08:13:21.234+0000][6][gc,age       ] GC(4) - age   4:    1832968 bytes,   12031080 total
[2020-08-08T08:13:21.234+0000][6][gc,phases    ] GC(4)   Pre Evacuate Collection Set: 0.2ms
[2020-08-08T08:13:21.235+0000][6][gc,phases    ] GC(4)   Merge Heap Roots: 0.2ms
[2020-08-08T08:13:21.235+0000][6][gc,phases    ] GC(4)   Evacuate Collection Set: 11.4ms
[2020-08-08T08:13:21.235+0000][6][gc,phases    ] GC(4)   Post Evacuate Collection Set: 3.4ms
[2020-08-08T08:13:21.235+0000][6][gc,phases    ] GC(4)   Other: 3.1ms
[2020-08-08T08:13:21.236+0000][6][gc,heap      ] GC(4) Eden regions: 297->0(295)
[2020-08-08T08:13:21.236+0000][6][gc,heap      ] GC(4) Survivor regions: 10->12(39)
[2020-08-08T08:13:21.236+0000][6][gc,heap      ] GC(4) Old regions: 3->3
[2020-08-08T08:13:21.236+0000][6][gc,heap      ] GC(4) Archive regions: 2->2
[2020-08-08T08:13:21.237+0000][6][gc,heap      ] GC(4) Humongous regions: 1->1
[2020-08-08T08:13:21.237+0000][6][gc,metaspace ] GC(4) Metaspace: 19203K(20480K)->19203K(20480K) NonClass: 16809K(17664K)->16809K(17664K) Class: 2394K(2816K)->2394K(2816K)
[2020-08-08T08:13:21.237+0000][6][gc           ] GC(4) Pause Young (Normal) (G1 Evacuation Pause) 310M->16M(512M) 21.035ms
[2020-08-08T08:13:21.237+0000][6][gc,cpu       ] GC(4) User=0.04s Sys=0.01s Real=0.02s
[2020-08-08T08:13:21.238+0000][6][safepoint    ] Safepoint "G1CollectForAllocation", Time since last: 582037400 ns, Reaching safepoint: 231100 ns, At safepoint: 21581100 ns, Total: 21812200 ns
[2020-08-08T08:13:21.238+0000][6][safepoint    ] Safepoint "BulkRevokeBias", Time since last: 451500 ns, Reaching safepoint: 228800 ns, At safepoint: 97400 ns, Total: 326200 ns
[2020-08-08T08:13:21.242+0000][6][safepoint    ] Safepoint "BulkRevokeBias", Time since last: 3184400 ns, Reaching safepoint: 209900 ns, At safepoint: 168400 ns, Total: 378300 ns
[2020-08-08T08:13:21.243+0000][6][safepoint    ] Safepoint "BulkRevokeBias", Time since last: 463800 ns, Reaching safepoint: 202800 ns, At safepoint: 82900 ns, Total: 285700 ns
[2020-08-08T08:13:21.467+0000][6][gc,start     ] GC(5) Pause Young (Concurrent Start) (Metadata GC Threshold)
[2020-08-08T08:13:21.467+0000][6][gc,task      ] GC(5) Using 4 workers of 4 for evacuation
[2020-08-08T08:13:21.468+0000][6][gc,age       ] GC(5) Desired survivor size 20447232 bytes, new threshold 15 (max threshold 15)
[2020-08-08T08:13:21.479+0000][6][gc,age       ] GC(5) Age table with threshold 15 (max threshold 15)
[2020-08-08T08:13:21.479+0000][6][gc,age       ] GC(5) - age   1:     890680 bytes,     890680 total
[2020-08-08T08:13:21.480+0000][6][gc,age       ] GC(5) - age   2:    4307144 bytes,    5197824 total
[2020-08-08T08:13:21.480+0000][6][gc,age       ] GC(5) - age   3:    1650568 bytes,    6848392 total
[2020-08-08T08:13:21.480+0000][6][gc,age       ] GC(5) - age   4:    3293800 bytes,   10142192 total
[2020-08-08T08:13:21.480+0000][6][gc,age       ] GC(5) - age   5:    1832808 bytes,   11975000 total
[2020-08-08T08:13:21.481+0000][6][gc,phases    ] GC(5)   Pre Evacuate Collection Set: 0.2ms
[2020-08-08T08:13:21.481+0000][6][gc,phases    ] GC(5)   Merge Heap Roots: 0.2ms
[2020-08-08T08:13:21.481+0000][6][gc,phases    ] GC(5)   Evacuate Collection Set: 8.2ms
[2020-08-08T08:13:21.482+0000][6][gc,phases    ] GC(5)   Post Evacuate Collection Set: 1.9ms
[2020-08-08T08:13:21.482+0000][6][gc,phases    ] GC(5)   Other: 3.7ms
[2020-08-08T08:13:21.482+0000][6][gc,heap      ] GC(5) Eden regions: 94->0(294)
[2020-08-08T08:13:21.482+0000][6][gc,heap      ] GC(5) Survivor regions: 12->13(39)
[2020-08-08T08:13:21.483+0000][6][gc,heap      ] GC(5) Old regions: 3->3
[2020-08-08T08:13:21.483+0000][6][gc,heap      ] GC(5) Archive regions: 2->2
[2020-08-08T08:13:21.483+0000][6][gc,heap      ] GC(5) Humongous regions: 1->1
[2020-08-08T08:13:21.484+0000][6][gc,metaspace ] GC(5) Metaspace: 20109K(21296K)->20109K(21296K) NonClass: 17630K(18352K)->17630K(18352K) Class: 2478K(2944K)->2478K(2944K)
[2020-08-08T08:13:21.484+0000][6][gc           ] GC(5) Pause Young (Concurrent Start) (Metadata GC Threshold) 109M->16M(512M) 17.335ms
[2020-08-08T08:13:21.484+0000][6][gc,cpu       ] GC(5) User=0.03s Sys=0.00s Real=0.02s
[2020-08-08T08:13:21.485+0000][6][safepoint    ] Safepoint "CollectForMetadataAllocation", Time since last: 223738800 ns, Reaching safepoint: 93300 ns, At safepoint: 18052900 ns, Total: 18146200 ns
[2020-08-08T08:13:21.485+0000][6][gc           ] GC(6) Concurrent Cycle
[2020-08-08T08:13:21.485+0000][6][gc,marking   ] GC(6) Concurrent Clear Claimed Marks
[2020-08-08T08:13:21.486+0000][6][gc,marking   ] GC(6) Concurrent Clear Claimed Marks 0.385ms
[2020-08-08T08:13:21.486+0000][6][gc,marking   ] GC(6) Concurrent Scan Root Regions
[2020-08-08T08:13:21.491+0000][6][gc,marking   ] GC(6) Concurrent Scan Root Regions 4.954ms
[2020-08-08T08:13:21.491+0000][6][gc,marking   ] GC(6) Concurrent Mark (4.033s)
[2020-08-08T08:13:21.492+0000][6][gc,marking   ] GC(6) Concurrent Mark From Roots
[2020-08-08T08:13:21.492+0000][6][gc,task      ] GC(6) Using 1 workers of 1 for marking
[2020-08-08T08:13:21.496+0000][6][gc,marking   ] GC(6) Concurrent Mark From Roots 4.703ms
[2020-08-08T08:13:21.497+0000][6][gc,marking   ] GC(6) Concurrent Preclean
[2020-08-08T08:13:21.497+0000][6][gc,marking   ] GC(6) Concurrent Preclean 0.423ms
[2020-08-08T08:13:21.498+0000][6][gc,marking   ] GC(6) Concurrent Mark (4.033s, 4.040s) 6.482ms
[2020-08-08T08:13:21.498+0000][6][gc,start     ] GC(6) Pause Remark
[2020-08-08T08:13:21.505+0000][6][gc           ] GC(6) Pause Remark 17M->17M(512M) 6.184ms
[2020-08-08T08:13:21.505+0000][6][gc,cpu       ] GC(6) User=0.01s Sys=0.00s Real=0.01s
[2020-08-08T08:13:21.506+0000][6][safepoint    ] Safepoint "G1Concurrent", Time since last: 13611800 ns, Reaching safepoint: 240800 ns, At safepoint: 7097200 ns, Total: 7338000 ns
[2020-08-08T08:13:21.506+0000][6][gc,marking   ] GC(6) Concurrent Rebuild Remembered Sets
[2020-08-08T08:13:21.509+0000][6][gc,marking   ] GC(6) Concurrent Rebuild Remembered Sets 2.718ms
[2020-08-08T08:13:21.510+0000][6][gc,start     ] GC(6) Pause Cleanup
[2020-08-08T08:13:21.510+0000][6][gc           ] GC(6) Pause Cleanup 17M->17M(512M) 0.490ms
[2020-08-08T08:13:21.511+0000][6][gc,cpu       ] GC(6) User=0.00s Sys=0.00s Real=0.00s
[2020-08-08T08:13:21.511+0000][6][safepoint    ] Safepoint "G1Concurrent", Time since last: 3589000 ns, Reaching safepoint: 698500 ns, At safepoint: 1209100 ns, Total: 1907600 ns
[2020-08-08T08:13:21.511+0000][6][gc,marking   ] GC(6) Concurrent Cleanup for Next Mark
[2020-08-08T08:13:21.513+0000][6][gc,marking   ] GC(6) Concurrent Cleanup for Next Mark 1.379ms
[2020-08-08T08:13:21.513+0000][6][gc           ] GC(6) Concurrent Cycle 28.325ms
[2020-08-08T08:13:21.933+0000][6][gc,start     ] GC(7) Pause Young (Normal) (G1 Evacuation Pause)
[2020-08-08T08:13:21.934+0000][6][gc,task      ] GC(7) Using 4 workers of 4 for evacuation
[2020-08-08T08:13:21.934+0000][6][gc,age       ] GC(7) Desired survivor size 20447232 bytes, new threshold 15 (max threshold 15)
[2020-08-08T08:13:21.949+0000][6][gc,age       ] GC(7) Age table with threshold 15 (max threshold 15)
[2020-08-08T08:13:21.949+0000][6][gc,age       ] GC(7) - age   1:    3278280 bytes,    3278280 total
[2020-08-08T08:13:21.949+0000][6][gc,age       ] GC(7) - age   2:     852440 bytes,    4130720 total
[2020-08-08T08:13:21.950+0000][6][gc,age       ] GC(7) - age   3:    4305872 bytes,    8436592 total
[2020-08-08T08:13:21.950+0000][6][gc,age       ] GC(7) - age   4:    1650504 bytes,   10087096 total
[2020-08-08T08:13:21.950+0000][6][gc,age       ] GC(7) - age   5:    3290888 bytes,   13377984 total
[2020-08-08T08:13:21.951+0000][6][gc,age       ] GC(7) - age   6:    1830504 bytes,   15208488 total
[2020-08-08T08:13:21.951+0000][6][gc,phases    ] GC(7)   Pre Evacuate Collection Set: 0.2ms
[2020-08-08T08:13:21.952+0000][6][gc,phases    ] GC(7)   Merge Heap Roots: 0.2ms
[2020-08-08T08:13:21.952+0000][6][gc,phases    ] GC(7)   Evacuate Collection Set: 9.9ms
[2020-08-08T08:13:21.952+0000][6][gc,phases    ] GC(7)   Post Evacuate Collection Set: 3.6ms
[2020-08-08T08:13:21.953+0000][6][gc,phases    ] GC(7)   Other: 4.2ms
[2020-08-08T08:13:21.953+0000][6][gc,heap      ] GC(7) Eden regions: 294->0(291)
[2020-08-08T08:13:21.953+0000][6][gc,heap      ] GC(7) Survivor regions: 13->16(39)
[2020-08-08T08:13:21.954+0000][6][gc,heap      ] GC(7) Old regions: 3->3
[2020-08-08T08:13:21.954+0000][6][gc,heap      ] GC(7) Archive regions: 2->2
[2020-08-08T08:13:21.954+0000][6][gc,heap      ] GC(7) Humongous regions: 1->1
[2020-08-08T08:13:21.955+0000][6][gc,metaspace ] GC(7) Metaspace: 20482K(21808K)->20482K(21808K) NonClass: 17944K(18864K)->17944K(18864K) Class: 2537K(2944K)->2537K(2944K)
[2020-08-08T08:13:21.955+0000][6][gc           ] GC(7) Pause Young (Normal) (G1 Evacuation Pause) 310M->20M(512M) 22.052ms
[2020-08-08T08:13:21.956+0000][6][gc,cpu       ] GC(7) User=0.05s Sys=0.02s Real=0.02s
[2020-08-08T08:13:21.956+0000][6][safepoint    ] Safepoint "G1CollectForAllocation", Time since last: 421734800 ns, Reaching safepoint: 251900 ns, At safepoint: 22905400 ns, Total: 23157300 ns
[2020-08-08T08:13:22.639+0000][6][safepoint    ] Safepoint "ICBufferFull", Time since last: 682708500 ns, Reaching safepoint: 326400 ns, At safepoint: 22800 ns, Total: 349200 ns
[2020-08-08T08:13:23.460+0000][6][gc,start     ] GC(8) Pause Young (Normal) (G1 Evacuation Pause)
[2020-08-08T08:13:23.461+0000][6][gc,task      ] GC(8) Using 4 workers of 4 for evacuation
[2020-08-08T08:13:23.461+0000][6][gc,age       ] GC(8) Desired survivor size 20447232 bytes, new threshold 15 (max threshold 15)
[2020-08-08T08:13:23.486+0000][6][gc,age       ] GC(8) Age table with threshold 15 (max threshold 15)
[2020-08-08T08:13:23.487+0000][6][gc,age       ] GC(8) - age   1:   13243752 bytes,   13243752 total
[2020-08-08T08:13:23.487+0000][6][gc,age       ] GC(8) - age   2:    1640008 bytes,   14883760 total
[2020-08-08T08:13:23.487+0000][6][gc,age       ] GC(8) - age   3:     845672 bytes,   15729432 total
[2020-08-08T08:13:23.487+0000][6][gc,age       ] GC(8) - age   4:    4273600 bytes,   20003032 total
[2020-08-08T08:13:23.488+0000][6][gc,age       ] GC(8) - age   5:    1643256 bytes,   21646288 total
[2020-08-08T08:13:23.488+0000][6][gc,age       ] GC(8) - age   6:    3225776 bytes,   24872064 total
[2020-08-08T08:13:23.489+0000][6][gc,age       ] GC(8) - age   7:    1819208 bytes,   26691272 total
[2020-08-08T08:13:23.489+0000][6][gc,phases    ] GC(8)   Pre Evacuate Collection Set: 0.2ms
[2020-08-08T08:13:23.489+0000][6][gc,phases    ] GC(8)   Merge Heap Roots: 0.3ms
[2020-08-08T08:13:23.490+0000][6][gc,phases    ] GC(8)   Evacuate Collection Set: 19.6ms
[2020-08-08T08:13:23.490+0000][6][gc,phases    ] GC(8)   Post Evacuate Collection Set: 4.3ms
[2020-08-08T08:13:23.490+0000][6][gc,phases    ] GC(8)   Other: 4.4ms
[2020-08-08T08:13:23.491+0000][6][gc,heap      ] GC(8) Eden regions: 291->0(280)
[2020-08-08T08:13:23.491+0000][6][gc,heap      ] GC(8) Survivor regions: 16->27(39)
[2020-08-08T08:13:23.491+0000][6][gc,heap      ] GC(8) Old regions: 3->3
[2020-08-08T08:13:23.492+0000][6][gc,heap      ] GC(8) Archive regions: 2->2
[2020-08-08T08:13:23.492+0000][6][gc,heap      ] GC(8) Humongous regions: 1->1
[2020-08-08T08:13:23.492+0000][6][gc,metaspace ] GC(8) Metaspace: 27938K(30512K)->27938K(30512K) NonClass: 24360K(26032K)->24360K(26032K) Class: 3577K(4480K)->3577K(4480K)
[2020-08-08T08:13:23.493+0000][6][gc           ] GC(8) Pause Young (Normal) (G1 Evacuation Pause) 311M->31M(512M) 32.226ms
[2020-08-08T08:13:23.493+0000][6][gc,cpu       ] GC(8) User=0.07s Sys=0.01s Real=0.04s
[2020-08-08T08:13:23.493+0000][6][safepoint    ] Safepoint "G1CollectForAllocation", Time since last: 820856600 ns, Reaching safepoint: 425900 ns, At safepoint: 32980400 ns, Total: 33406300 ns
[2020-08-08T08:13:24.458+0000][6][safepoint    ] Safepoint "ICBufferFull", Time since last: 964439200 ns, Reaching safepoint: 259600 ns, At safepoint: 23400 ns, Total: 283000 ns
[2020-08-08T08:13:24.576+0000][6][gc,start     ] GC(9) Pause Young (Concurrent Start) (Metadata GC Threshold)
[2020-08-08T08:13:24.577+0000][6][gc,task      ] GC(9) Using 4 workers of 4 for evacuation
[2020-08-08T08:13:24.578+0000][6][gc,age       ] GC(9) Desired survivor size 20447232 bytes, new threshold 5 (max threshold 15)
[2020-08-08T08:13:24.614+0000][6][gc,age       ] GC(9) Age table with threshold 5 (max threshold 15)
[2020-08-08T08:13:24.615+0000][6][gc,age       ] GC(9) - age   1:   16378752 bytes,   16378752 total
[2020-08-08T08:13:24.615+0000][6][gc,age       ] GC(9) - age   2:   12915176 bytes,   29293928 total
[2020-08-08T08:13:24.615+0000][6][gc,age       ] GC(9) - age   3:    1638040 bytes,   30931968 total
[2020-08-08T08:13:24.616+0000][6][gc,age       ] GC(9) - age   4:     842552 bytes,   31774520 total
[2020-08-08T08:13:24.616+0000][6][gc,age       ] GC(9) - age   5:    4272376 bytes,   36046896 total
[2020-08-08T08:13:24.617+0000][6][gc,phases    ] GC(9)   Pre Evacuate Collection Set: 0.4ms
[2020-08-08T08:13:24.617+0000][6][gc,phases    ] GC(9)   Merge Heap Roots: 0.3ms
[2020-08-08T08:13:24.618+0000][6][gc,phases    ] GC(9)   Evacuate Collection Set: 31.4ms
[2020-08-08T08:13:24.618+0000][6][gc,phases    ] GC(9)   Post Evacuate Collection Set: 3.5ms
[2020-08-08T08:13:24.618+0000][6][gc,phases    ] GC(9)   Other: 4.5ms
[2020-08-08T08:13:24.619+0000][6][gc,heap      ] GC(9) Eden regions: 159->0(271)
[2020-08-08T08:13:24.619+0000][6][gc,heap      ] GC(9) Survivor regions: 27->36(39)
[2020-08-08T08:13:24.619+0000][6][gc,heap      ] GC(9) Old regions: 3->10
[2020-08-08T08:13:24.620+0000][6][gc,heap      ] GC(9) Archive regions: 2->2
[2020-08-08T08:13:24.620+0000][6][gc,heap      ] GC(9) Humongous regions: 1->1
[2020-08-08T08:13:24.620+0000][6][gc,metaspace ] GC(9) Metaspace: 33156K(35920K)->33156K(35920K) NonClass: 28805K(30544K)->28805K(30544K) Class: 4351K(5376K)->4351K(5376K)
[2020-08-08T08:13:24.621+0000][6][gc           ] GC(9) Pause Young (Concurrent Start) (Metadata GC Threshold) 189M->46M(512M) 44.104ms
[2020-08-08T08:13:24.621+0000][6][gc,cpu       ] GC(9) User=0.09s Sys=0.01s Real=0.04s
[2020-08-08T08:13:24.621+0000][6][gc           ] GC(10) Concurrent Cycle
[2020-08-08T08:13:24.622+0000][6][gc,marking   ] GC(10) Concurrent Clear Claimed Marks
[2020-08-08T08:13:24.622+0000][6][safepoint    ] Safepoint "CollectForMetadataAllocation", Time since last: 117848800 ns, Reaching safepoint: 593500 ns, At safepoint: 45067100 ns, Total: 45660600 ns
[2020-08-08T08:13:24.623+0000][6][gc,marking   ] GC(10) Concurrent Clear Claimed Marks 0.527ms
[2020-08-08T08:13:24.625+0000][6][gc,marking   ] GC(10) Concurrent Scan Root Regions
[2020-08-08T08:13:24.638+0000][6][safepoint    ] Safepoint "CollectForMetadataAllocation", Time since last: 16167300 ns, Reaching safepoint: 183300 ns, At safepoint: 176700 ns, Total: 360000 ns
[2020-08-08T08:13:24.653+0000][6][gc,marking   ] GC(10) Concurrent Scan Root Regions 27.953ms
[2020-08-08T08:13:24.653+0000][6][gc,marking   ] GC(10) Concurrent Mark (7.195s)
[2020-08-08T08:13:24.653+0000][6][gc,marking   ] GC(10) Concurrent Mark From Roots
[2020-08-08T08:13:24.654+0000][6][gc,task      ] GC(10) Using 1 workers of 1 for marking
[2020-08-08T08:13:24.658+0000][6][gc,marking   ] GC(10) Concurrent Mark From Roots 4.808ms
[2020-08-08T08:13:24.659+0000][6][gc,marking   ] GC(10) Concurrent Preclean
[2020-08-08T08:13:24.659+0000][6][gc,marking   ] GC(10) Concurrent Preclean 0.529ms
[2020-08-08T08:13:24.659+0000][6][gc,marking   ] GC(10) Concurrent Mark (7.195s, 7.201s) 6.417ms
[2020-08-08T08:13:24.660+0000][6][gc,start     ] GC(10) Pause Remark
[2020-08-08T08:13:24.668+0000][6][gc           ] GC(10) Pause Remark 52M->52M(512M) 7.583ms
[2020-08-08T08:13:24.668+0000][6][gc,cpu       ] GC(10) User=0.01s Sys=0.00s Real=0.01s
[2020-08-08T08:13:24.669+0000][6][safepoint    ] Safepoint "G1Concurrent", Time since last: 21897000 ns, Reaching safepoint: 132600 ns, At safepoint: 8603600 ns, Total: 8736200 ns
[2020-08-08T08:13:24.669+0000][6][gc,marking   ] GC(10) Concurrent Rebuild Remembered Sets
[2020-08-08T08:13:24.681+0000][6][gc,marking   ] GC(10) Concurrent Rebuild Remembered Sets 11.728ms
[2020-08-08T08:13:24.682+0000][6][gc,start     ] GC(10) Pause Cleanup
[2020-08-08T08:13:24.683+0000][6][gc           ] GC(10) Pause Cleanup 54M->54M(512M) 0.637ms
[2020-08-08T08:13:24.683+0000][6][gc,cpu       ] GC(10) User=0.00s Sys=0.00s Real=0.00s
[2020-08-08T08:13:24.683+0000][6][safepoint    ] Safepoint "G1Concurrent", Time since last: 12773200 ns, Reaching safepoint: 549200 ns, At safepoint: 1472600 ns, Total: 2021800 ns
[2020-08-08T08:13:24.684+0000][6][gc,marking   ] GC(10) Concurrent Cleanup for Next Mark
[2020-08-08T08:13:24.685+0000][6][gc,marking   ] GC(10) Concurrent Cleanup for Next Mark 1.524ms
[2020-08-08T08:13:24.686+0000][6][gc           ] GC(10) Concurrent Cycle 64.430ms
[2020-08-08T08:13:25.929+0000][6][safepoint    ] Safepoint "ICBufferFull", Time since last: 1245411900 ns, Reaching safepoint: 261200 ns, At safepoint: 23000 ns, Total: 284200 ns
[2020-08-08T08:13:26.684+0000][6][safepoint    ] Safepoint "ICBufferFull", Time since last: 754262900 ns, Reaching safepoint: 508400 ns, At safepoint: 25800 ns, Total: 534200 ns
[2020-08-08T08:13:27.250+0000][6][gc,start     ] GC(11) Pause Young (Concurrent Start) (G1 Evacuation Pause)
[2020-08-08T08:13:27.251+0000][6][gc,task      ] GC(11) Using 4 workers of 4 for evacuation
[2020-08-08T08:13:27.251+0000][6][gc,age       ] GC(11) Desired survivor size 20447232 bytes, new threshold 2 (max threshold 15)
[2020-08-08T08:13:27.288+0000][6][gc,age       ] GC(11) Age table with threshold 2 (max threshold 15)
[2020-08-08T08:13:27.288+0000][6][gc,age       ] GC(11) - age   1:    9364144 bytes,    9364144 total
[2020-08-08T08:13:27.288+0000][6][gc,age       ] GC(11) - age   2:   16310432 bytes,   25674576 total
[2020-08-08T08:13:27.289+0000][6][gc,phases    ] GC(11)   Pre Evacuate Collection Set: 0.5ms
[2020-08-08T08:13:27.289+0000][6][gc,phases    ] GC(11)   Merge Heap Roots: 0.2ms
[2020-08-08T08:13:27.290+0000][6][gc,phases    ] GC(11)   Evacuate Collection Set: 30.0ms
[2020-08-08T08:13:27.290+0000][6][gc,phases    ] GC(11)   Post Evacuate Collection Set: 5.3ms
[2020-08-08T08:13:27.291+0000][6][gc,phases    ] GC(11)   Other: 2.7ms
[2020-08-08T08:13:27.291+0000][6][gc,heap      ] GC(11) Eden regions: 271->0(281)
[2020-08-08T08:13:27.291+0000][6][gc,heap      ] GC(11) Survivor regions: 36->26(39)
[2020-08-08T08:13:27.292+0000][6][gc,heap      ] GC(11) Old regions: 10->29
[2020-08-08T08:13:27.292+0000][6][gc,heap      ] GC(11) Archive regions: 2->2
[2020-08-08T08:13:27.293+0000][6][gc,heap      ] GC(11) Humongous regions: 1->1
[2020-08-08T08:13:27.293+0000][6][gc,metaspace ] GC(11) Metaspace: 51893K(56528K)->51893K(56528K) NonClass: 44869K(47696K)->44869K(47696K) Class: 7023K(8832K)->7023K(8832K)
[2020-08-08T08:13:27.294+0000][6][gc           ] GC(11) Pause Young (Concurrent Start) (G1 Evacuation Pause) 317M->55M(512M) 43.161ms
[2020-08-08T08:13:27.294+0000][6][gc,cpu       ] GC(11) User=0.12s Sys=0.02s Real=0.05s
[2020-08-08T08:13:27.294+0000][6][safepoint    ] Safepoint "G1CollectForAllocation", Time since last: 565596900 ns, Reaching safepoint: 745600 ns, At safepoint: 44036700 ns, Total: 44782300 ns
[2020-08-08T08:13:27.294+0000][6][gc           ] GC(12) Concurrent Cycle
[2020-08-08T08:13:27.295+0000][6][gc,marking   ] GC(12) Concurrent Clear Claimed Marks
[2020-08-08T08:13:27.296+0000][6][gc,marking   ] GC(12) Concurrent Clear Claimed Marks 0.750ms
[2020-08-08T08:13:27.298+0000][6][gc,marking   ] GC(12) Concurrent Scan Root Regions
[2020-08-08T08:13:27.311+0000][6][safepoint    ] Safepoint "BulkRevokeBias", Time since last: 16322900 ns, Reaching safepoint: 296600 ns, At safepoint: 140900 ns, Total: 437500 ns
[2020-08-08T08:13:27.327+0000][6][safepoint    ] Safepoint "BulkRevokeBias", Time since last: 16106000 ns, Reaching safepoint: 98900 ns, At safepoint: 81000 ns, Total: 179900 ns
[2020-08-08T08:13:27.336+0000][6][gc,marking   ] GC(12) Concurrent Scan Root Regions 37.596ms
[2020-08-08T08:13:27.336+0000][6][gc,marking   ] GC(12) Concurrent Mark (9.878s)
[2020-08-08T08:13:27.336+0000][6][gc,marking   ] GC(12) Concurrent Mark From Roots
[2020-08-08T08:13:27.337+0000][6][gc,task      ] GC(12) Using 1 workers of 1 for marking
[2020-08-08T08:13:27.336+0000][6][safepoint    ] Safepoint "BulkRevokeBias", Time since last: 8599300 ns, Reaching safepoint: 250300 ns, At safepoint: 148600 ns, Total: 398900 ns
[2020-08-08T08:13:27.351+0000][6][gc,marking   ] GC(12) Concurrent Mark From Roots 14.530ms
[2020-08-08T08:13:27.353+0000][6][gc,marking   ] GC(12) Concurrent Preclean
[2020-08-08T08:13:27.353+0000][6][gc,marking   ] GC(12) Concurrent Preclean 1.570ms
[2020-08-08T08:13:27.354+0000][6][gc,marking   ] GC(12) Concurrent Mark (9.878s, 9.896s) 17.733ms
[2020-08-08T08:13:27.354+0000][6][gc,start     ] GC(12) Pause Remark
[2020-08-08T08:13:27.360+0000][6][gc           ] GC(12) Pause Remark 61M->61M(512M) 5.260ms
[2020-08-08T08:13:27.360+0000][6][gc,cpu       ] GC(12) User=0.01s Sys=0.00s Real=0.00s
[2020-08-08T08:13:27.361+0000][6][safepoint    ] Safepoint "G1Concurrent", Time since last: 17923000 ns, Reaching safepoint: 176500 ns, At safepoint: 6155600 ns, Total: 6332100 ns
[2020-08-08T08:13:27.361+0000][6][gc,marking   ] GC(12) Concurrent Rebuild Remembered Sets
[2020-08-08T08:13:27.386+0000][6][gc,marking   ] GC(12) Concurrent Rebuild Remembered Sets 24.380ms
[2020-08-08T08:13:27.387+0000][6][gc,start     ] GC(12) Pause Cleanup
[2020-08-08T08:13:27.388+0000][6][gc           ] GC(12) Pause Cleanup 63M->63M(512M) 0.652ms
[2020-08-08T08:13:27.388+0000][6][gc,cpu       ] GC(12) User=0.00s Sys=0.00s Real=0.00s
[2020-08-08T08:13:27.389+0000][6][safepoint    ] Safepoint "G1Concurrent", Time since last: 25739700 ns, Reaching safepoint: 738300 ns, At safepoint: 1468000 ns, Total: 2206300 ns
[2020-08-08T08:13:27.389+0000][6][gc,marking   ] GC(12) Concurrent Cleanup for Next Mark
[2020-08-08T08:13:27.390+0000][6][gc,marking   ] GC(12) Concurrent Cleanup for Next Mark 1.066ms
[2020-08-08T08:13:27.390+0000][6][gc           ] GC(12) Concurrent Cycle 96.015ms
[2020-08-08T08:13:28.122+0000][6][safepoint    ] Safepoint "BulkRevokeBias", Time since last: 732220200 ns, Reaching safepoint: 800300 ns, At safepoint: 139500 ns, Total: 939800 ns
[2020-08-08T08:13:29.143+0000][6][safepoint    ] Safepoint "ICBufferFull", Time since last: 1019941000 ns, Reaching safepoint: 1166800 ns, At safepoint: 26800 ns, Total: 1193600 ns
[2020-08-08T08:13:30.202+0000][6][safepoint    ] Safepoint "Cleanup", Time since last: 1058327600 ns, Reaching safepoint: 412500 ns, At safepoint: 29300 ns, Total: 441800 ns
[2020-08-08T08:13:30.297+0000][6][safepoint    ] Safepoint "BulkRevokeBias", Time since last: 95338900 ns, Reaching safepoint: 210900 ns, At safepoint: 154800 ns, Total: 365700 ns
[2020-08-08T08:13:30.382+0000][6][safepoint    ] Safepoint "BulkRevokeBias", Time since last: 84373000 ns, Reaching safepoint: 406900 ns, At safepoint: 147700 ns, Total: 554600 ns
[2020-08-08T08:13:30.747+0000][6][gc,start     ] GC(13) Pause Young (Normal) (G1 Evacuation Pause)
[2020-08-08T08:13:30.747+0000][6][gc,task      ] GC(13) Using 4 workers of 4 for evacuation
[2020-08-08T08:13:30.748+0000][6][gc,age       ] GC(13) Desired survivor size 20447232 bytes, new threshold 2 (max threshold 15)
[2020-08-08T08:13:30.776+0000][6][gc,age       ] GC(13) Age table with threshold 2 (max threshold 15)
[2020-08-08T08:13:30.776+0000][6][gc,age       ] GC(13) - age   1:    8194768 bytes,    8194768 total
[2020-08-08T08:13:30.777+0000][6][gc,age       ] GC(13) - age   2:    8907536 bytes,   17102304 total
[2020-08-08T08:13:30.778+0000][6][gc,phases    ] GC(13)   Pre Evacuate Collection Set: 0.2ms
[2020-08-08T08:13:30.778+0000][6][gc,phases    ] GC(13)   Merge Heap Roots: 0.4ms
[2020-08-08T08:13:30.778+0000][6][gc,phases    ] GC(13)   Evacuate Collection Set: 23.0ms
[2020-08-08T08:13:30.778+0000][6][gc,phases    ] GC(13)   Post Evacuate Collection Set: 4.2ms
[2020-08-08T08:13:30.779+0000][6][gc,phases    ] GC(13)   Other: 3.0ms
[2020-08-08T08:13:30.779+0000][6][gc,heap      ] GC(13) Eden regions: 281->0(287)
[2020-08-08T08:13:30.779+0000][6][gc,heap      ] GC(13) Survivor regions: 26->17(39)
[2020-08-08T08:13:30.779+0000][6][gc,heap      ] GC(13) Old regions: 29->45
[2020-08-08T08:13:30.780+0000][6][gc,heap      ] GC(13) Archive regions: 2->2
[2020-08-08T08:13:30.780+0000][6][gc,heap      ] GC(13) Humongous regions: 1->1
[2020-08-08T08:13:30.780+0000][6][gc,metaspace ] GC(13) Metaspace: 76592K(83024K)->76592K(83024K) NonClass: 66138K(69968K)->66138K(69968K) Class: 10454K(13056K)->10454K(13056K)
[2020-08-08T08:13:30.780+0000][6][gc           ] GC(13) Pause Young (Normal) (G1 Evacuation Pause) 336M->63M(512M) 33.549ms
[2020-08-08T08:13:30.781+0000][6][gc,cpu       ] GC(13) User=0.08s Sys=0.02s Real=0.03s
[2020-08-08T08:13:30.781+0000][6][safepoint    ] Safepoint "G1CollectForAllocation", Time since last: 360884200 ns, Reaching safepoint: 3594500 ns, At safepoint: 34228600 ns, Total: 37823100 ns
[2020-08-08T08:13:30.996+0000][6][safepoint    ] Safepoint "BulkRevokeBias", Time since last: 214141600 ns, Reaching safepoint: 362400 ns, At safepoint: 222400 ns, Total: 584800 ns
[2020-08-08T08:13:31.008+0000][6][safepoint    ] Safepoint "BulkRevokeBias", Time since last: 12179100 ns, Reaching safepoint: 349900 ns, At safepoint: 189000 ns, Total: 538900 ns
[2020-08-08T08:13:31.689+0000][6][safepoint    ] Safepoint "ICBufferFull", Time since last: 679957100 ns, Reaching safepoint: 233000 ns, At safepoint: 47900 ns, Total: 280900 ns
[2020-08-08T08:13:32.525+0000][6][safepoint    ] Safepoint "ICBufferFull", Time since last: 836076200 ns, Reaching safepoint: 270700 ns, At safepoint: 20100 ns, Total: 290800 ns
[2020-08-08T08:13:33.044+0000][6][safepoint    ] Safepoint "ICBufferFull", Time since last: 518769700 ns, Reaching safepoint: 281300 ns, At safepoint: 62000 ns, Total: 343300 ns
[2020-08-08T08:13:33.383+0000][6][safepoint    ] Safepoint "BulkRevokeBias", Time since last: 338291200 ns, Reaching safepoint: 394000 ns, At safepoint: 241700 ns, Total: 635700 ns
[2020-08-08T08:13:34.730+0000][6][safepoint    ] Safepoint "Cleanup", Time since last: 1345960600 ns, Reaching safepoint: 506100 ns, At safepoint: 32600 ns, Total: 538700 ns
[2020-08-08T08:13:35.734+0000][6][safepoint    ] Safepoint "Cleanup", Time since last: 1004316400 ns, Reaching safepoint: 549600 ns, At safepoint: 19700 ns, Total: 569300 ns
[2020-08-08T08:13:36.741+0000][6][safepoint    ] Safepoint "Cleanup", Time since last: 1005981100 ns, Reaching safepoint: 372100 ns, At safepoint: 22500 ns, Total: 394600 ns
[2020-08-08T08:13:37.744+0000][6][safepoint    ] Safepoint "Cleanup", Time since last: 1003224500 ns, Reaching safepoint: 359300 ns, At safepoint: 22500 ns, Total: 381800 ns
[2020-08-08T08:13:38.748+0000][6][safepoint    ] Safepoint "Cleanup", Time since last: 1003127400 ns, Reaching safepoint: 367700 ns, At safepoint: 28700 ns, Total: 396400 ns
[2020-08-08T08:13:39.751+0000][6][safepoint    ] Safepoint "Cleanup", Time since last: 1002344200 ns, Reaching safepoint: 363200 ns, At safepoint: 21500 ns, Total: 384700 ns
[2020-08-08T08:13:40.753+0000][6][safepoint    ] Safepoint "Cleanup", Time since last: 1001949900 ns, Reaching safepoint: 476100 ns, At safepoint: 54200 ns, Total: 530300 ns
[2020-08-08T08:13:41.756+0000][6][safepoint    ] Safepoint "Cleanup", Time since last: 1002101200 ns, Reaching safepoint: 355100 ns, At safepoint: 22400 ns, Total: 377500 ns
[2020-08-08T08:13:42.759+0000][6][safepoint    ] Safepoint "Cleanup", Time since last: 1003335300 ns, Reaching safepoint: 335100 ns, At safepoint: 16300 ns, Total: 351400 ns
[2020-08-08T08:13:43.763+0000][6][safepoint    ] Safepoint "Cleanup", Time since last: 1003145700 ns, Reaching safepoint: 372500 ns, At safepoint: 16900 ns, Total: 389400 ns
[2020-08-08T08:13:44.765+0000][6][safepoint    ] Safepoint "Cleanup", Time since last: 1002176500 ns, Reaching safepoint: 270300 ns, At safepoint: 20400 ns, Total: 290700 ns
[2020-08-08T08:13:45.768+0000][6][safepoint    ] Safepoint "Cleanup", Time since last: 1001975700 ns, Reaching safepoint: 378700 ns, At safepoint: 30500 ns, Total: 409200 ns
[2020-08-08T08:13:46.736+0000][6][safepoint    ] Safepoint "Cleanup", Time since last: 1002458400 ns, Reaching safepoint: 295000 ns, At safepoint: 19500 ns, Total: 314500 ns
[2020-08-08T08:13:47.738+0000][6][safepoint    ] Safepoint "Cleanup", Time since last: 1002061900 ns, Reaching safepoint: 359600 ns, At safepoint: 29600 ns, Total: 389200 ns
[2020-08-08T08:13:48.741+0000][6][safepoint    ] Safepoint "Cleanup", Time since last: 1002522800 ns, Reaching safepoint: 548100 ns, At safepoint: 244800 ns, Total: 792900 ns
[2020-08-08T08:13:49.745+0000][6][safepoint    ] Safepoint "Cleanup", Time since last: 1002720900 ns, Reaching safepoint: 482200 ns, At safepoint: 29300 ns, Total: 511500 ns
[2020-08-08T08:13:50.747+0000][6][safepoint    ] Safepoint "Cleanup", Time since last: 1001976300 ns, Reaching safepoint: 364300 ns, At safepoint: 37900 ns, Total: 402200 ns
[2020-08-08T08:13:51.752+0000][6][safepoint    ] Safepoint "Cleanup", Time since last: 1004424800 ns, Reaching safepoint: 505800 ns, At safepoint: 25400 ns, Total: 531200 ns
[2020-08-08T08:13:53.368+0000][6][safepoint    ] Safepoint "Cleanup", Time since last: 1615341300 ns, Reaching safepoint: 584700 ns, At safepoint: 37000 ns, Total: 621700 ns
[2020-08-08T08:13:57.373+0000][6][safepoint    ] Safepoint "Cleanup", Time since last: 4004483900 ns, Reaching safepoint: 845700 ns, At safepoint: 42200 ns, Total: 887900 ns
[2020-08-08T08:14:00.383+0000][6][safepoint    ] Safepoint "Cleanup", Time since last: 3008520800 ns, Reaching safepoint: 739900 ns, At safepoint: 39500 ns, Total: 779400 ns
[2020-08-08T08:14:01.218+0000][6][safepoint    ] Safepoint "BulkRevokeBias", Time since last: 834775900 ns, Reaching safepoint: 196000 ns, At safepoint: 215700 ns, Total: 411700 ns
[2020-08-08T08:14:01.225+0000][6][safepoint    ] Safepoint "BulkRevokeBias", Time since last: 6832800 ns, Reaching safepoint: 328700 ns, At safepoint: 279600 ns, Total: 608300 ns
[2020-08-08T08:14:01.254+0000][6][gc,heap,exit ] Heap
[2020-08-08T08:14:01.254+0000][6][gc,heap,exit ]  garbage-first heap   total 524288K, used 290632K [0x00000000e0000000, 0x0000000100000000)
[2020-08-08T08:14:01.254+0000][6][gc,heap,exit ]   region size 1024K, 233 young (238592K), 17 survivors (17408K)
[2020-08-08T08:14:01.255+0000][6][gc,heap,exit ]  Metaspace       used 83238K, capacity 89697K, committed 89808K, reserved 1126400K
[2020-08-08T08:14:01.255+0000][6][gc,heap,exit ]   class space    used 11273K, capacity 13951K, committed 13952K, reserved 1048576K
