[2021-02-05T04:08:32.514+0000][73][gc] Using Concurrent Mark Sweep
[2021-02-05T04:08:32.515+0000][73][gc,heap,coops] Heap address: 0x00000000c0000000, size: 1024 MB, Compressed Oops mode: 32-bit
[2021-02-05T04:08:32.722+0000][73][safepoint    ] Safepoint "EnableBiasedLocking", Time since last: 142934500 ns, Reaching safepoint: 2475800 ns, At safepoint: 101500 ns, Total: 2577300 ns
[2021-02-05T04:08:32.728+0000][73][gc,heap,exit ] Heap
[2021-02-05T04:08:32.728+0000][73][gc,heap,exit ]  par new generation   total 306688K, used 16358K [0x00000000c0000000, 0x00000000d4cc0000, 0x00000000d4cc0000)
[2021-02-05T04:08:32.729+0000][73][gc,heap,exit ]   eden space 272640K,   6% used [0x00000000c0000000, 0x00000000c0ff9b28, 0x00000000d0a40000)
[2021-02-05T04:08:32.729+0000][73][gc,heap,exit ]   from space 34048K,   0% used [0x00000000d0a40000, 0x00000000d0a40000, 0x00000000d2b80000)
[2021-02-05T04:08:32.730+0000][73][gc,heap,exit ]   to   space 34048K,   0% used [0x00000000d2b80000, 0x00000000d2b80000, 0x00000000d4cc0000)
[2021-02-05T04:08:32.730+0000][73][gc,heap,exit ]  concurrent mark-sweep generation total 707840K, used 0K [0x00000000d4cc0000, 0x0000000100000000, 0x0000000100000000)
[2021-02-05T04:08:32.730+0000][73][gc,heap,exit ]  Metaspace       used 178K, capacity 4480K, committed 4480K, reserved 1056768K
[2021-02-05T04:08:32.731+0000][73][gc,heap,exit ]   class space    used 8K, capacity 384K, committed 384K, reserved 1048576K
