[2021-02-05T04:10:48.736+0000][74][gc] Using Concurrent Mark Sweep
[2021-02-05T04:10:48.737+0000][74][gc,heap,coops] Heap address: 0x00000000c0000000, size: 1024 MB, Compressed Oops mode: 32-bit
[2021-02-05T04:10:48.835+0000][74][safepoint    ] Safepoint "EnableBiasedLocking", Time since last: 66082200 ns, Reaching safepoint: 40700 ns, At safepoint: 81700 ns, Total: 122400 ns
[2021-02-05T04:10:48.837+0000][74][gc,heap,exit ] Heap
[2021-02-05T04:10:48.838+0000][74][gc,heap,exit ]  par new generation   total 306688K, used 16358K [0x00000000c0000000, 0x00000000d4cc0000, 0x00000000d4cc0000)
[2021-02-05T04:10:48.838+0000][74][gc,heap,exit ]   eden space 272640K,   6% used [0x00000000c0000000, 0x00000000c0ff9b28, 0x00000000d0a40000)
[2021-02-05T04:10:48.839+0000][74][gc,heap,exit ]   from space 34048K,   0% used [0x00000000d0a40000, 0x00000000d0a40000, 0x00000000d2b80000)
[2021-02-05T04:10:48.839+0000][74][gc,heap,exit ]   to   space 34048K,   0% used [0x00000000d2b80000, 0x00000000d2b80000, 0x00000000d4cc0000)
[2021-02-05T04:10:48.839+0000][74][gc,heap,exit ]  concurrent mark-sweep generation total 707840K, used 0K [0x00000000d4cc0000, 0x0000000100000000, 0x0000000100000000)
[2021-02-05T04:10:48.839+0000][74][gc,heap,exit ]  Metaspace       used 176K, capacity 4480K, committed 4480K, reserved 1056768K
[2021-02-05T04:10:48.840+0000][74][gc,heap,exit ]   class space    used 8K, capacity 384K, committed 384K, reserved 1048576K
